=== J5_X2 TRAIN START ===
============================================================
Step 4D — Training  
============================================================
  data_dir:       outputs_step4_G1
  output_dir:     outputs_step4_J5_X2
  checkpoint_dir: outputs_step4_J5_X2/checkpoints
  batch_size=256  max_epochs=100  patience=15  lr=5e-05  fp16=False
  checkpoint_dir (absolute): /nfs/speed-scratch/o_iseri/occModeling/outputs_step4_J5_X2/checkpoints
  AUX_STRATUM_HEAD=False  COP_POS_WEIGHT=0  ACTIVITY_BOOSTS=1  DATA_SIDE_SAMPLING=0  MARG_MODE=global  AUX_STRATUM_LAMBDA=0.1  SPOUSE_NEG_WEIGHT=0.45
  Device: cuda
[1/4] Loading datasets and pairs...
  Train pairs: 141270 | Val respondents: 9609
  Activity class weights (inv-sqrt-freq, ACTIVITY_BOOSTS=1):
    class  0: 2.174
    class  1: 0.517
    class  2: 1.072
    class  3: 1.110
    class  4: 0.261
    class  5: 0.752
    class  6: 0.892
    class  7: 1.355
    class  8: 1.473
    class  9: 0.406
    class 10: 1.161
    class 11: 1.782
    class 12: 2.341
    class 13: 2.742
  AT_HOME observed rate: 0.7250  pos_weight: disabled
  Marginal-bias loss weight: LAMBDA_MARG=0.1  MARG_MODE=global
  COP pos_weight: disabled (COP_POS_WEIGHT=0)
  SPOUSE_NEG_WEIGHT=0.45: Spouse (idx 1) cop pos_weight overridden
[2/4] Building model...
  Parameters: 29,250,776
JSeriesHybrid(
  (act_embedding): Embedding(14, 32)
  (slot_linear): Linear(in_features=42, out_features=384, bias=True)
  (cycle_embedding): Embedding(4, 32)
  (cls_mlp): Sequential(
    (0): Linear(in_features=109, out_features=256, bias=True)
    (1): GELU(approximate='none')
    (2): Linear(in_features=256, out_features=384, bias=True)
  )
  (arm1_slot_proj): Linear(in_features=32, out_features=384, bias=True)
  (encoder): TransformerEncoder(
    (layers): ModuleList(
      (0-5): 6 x TransformerEncoderLayer(
        (self_attn): MultiheadAttention(
          (out_proj): NonDynamicallyQuantizableLinear(in_features=384, out_features=384, bias=True)
        )
        (linear1): Linear(in_features=384, out_features=1536, bias=True)
        (dropout): Dropout(p=0.1, inplace=False)
        (linear2): Linear(in_features=1536, out_features=384, bias=True)
        (norm1): LayerNorm((384,), eps=1e-05, elementwise_affine=True)
        (norm2): LayerNorm((384,), eps=1e-05, elementwise_affine=True)
        (dropout1): Dropout(p=0.1, inplace=False)
        (dropout2): Dropout(p=0.1, inplace=False)
      )
    )
    (norm): LayerNorm((384,), eps=1e-05, elementwise_affine=True)
  )
  (arm1_decoder): CrossAttnDecoder(
    (proj_demo): Linear(in_features=77, out_features=384, bias=True)
    (proj_cycle): Linear(in_features=32, out_features=384, bias=True)
    (proj_strata): Linear(in_features=3, out_features=384, bias=True)
    (layers): ModuleList(
      (0-5): 6 x CondCrossAttnDecoderLayer(
        (self_attn): MultiheadAttention(
          (out_proj): NonDynamicallyQuantizableLinear(in_features=384, out_features=384, bias=True)
        )
        (cross_mem): MultiheadAttention(
          (out_proj): NonDynamicallyQuantizableLinear(in_features=384, out_features=384, bias=True)
        )
        (cross_cond): MultiheadAttention(
          (out_proj): NonDynamicallyQuantizableLinear(in_features=384, out_features=384, bias=True)
        )
        (ffn): Sequential(
          (0): Linear(in_features=384, out_features=1536, bias=True)
          (1): GELU(approximate='none')
          (2): Linear(in_features=1536, out_features=384, bias=True)
        )
        (ln1): LayerNorm((384,), eps=1e-05, elementwise_affine=True)
        (ln2): LayerNorm((384,), eps=1e-05, elementwise_affine=True)
        (ln3): LayerNorm((384,), eps=1e-05, elementwise_affine=True)
        (ln4): LayerNorm((384,), eps=1e-05, elementwise_affine=True)
        (drop): Dropout(p=0.0, inplace=False)
      )
    )
    (norm): LayerNorm((384,), eps=1e-05, elementwise_affine=True)
  )
  (act_head): Linear(in_features=384, out_features=14, bias=True)
  (arm2_act_proj): Linear(in_features=14, out_features=384, bias=True)
  (arm2_proj): Linear(in_features=880, out_features=384, bias=True)
  (home_head): Sequential(
    (0): Linear(in_features=384, out_features=384, bias=True)
    (1): Tanh()
    (2): Linear(in_features=384, out_features=1, bias=True)
  )
  (cop_head): Sequential(
    (0): Linear(in_features=384, out_features=384, bias=True)
    (1): Tanh()
    (2): Linear(in_features=384, out_features=9, bias=True)
  )
)
[3/4] Training...
Epoch   1/100: train_loss=2.0168  act=1.4851  home=0.4959  cop=0.2765  marg=0.0246  |  val_JS=0.1913  home_gap=0.2539  val_score=0.3183  lr=5.00e-05  grad_norm=6.194  (804s)
  ✓ New best model saved (val_score=0.3183  val_JS=0.1913  home_gap=0.2539)
Epoch   2/100: train_loss=1.3543  act=0.9019  home=0.4231  cop=0.2340  marg=0.0141  |  val_JS=0.2830  home_gap=0.2572  val_score=0.4116  lr=5.00e-05  grad_norm=4.514  (804s)
Epoch   3/100: train_loss=1.3001  act=0.8608  home=0.4123  cop=0.2231  marg=0.0137  |  val_JS=0.2556  home_gap=0.2440  val_score=0.3776  lr=5.00e-05  grad_norm=2.955  (804s)
Epoch   4/100: train_loss=1.2764  act=0.8441  home=0.4061  cop=0.2182  marg=0.0132  |  val_JS=0.2321  home_gap=0.2128  val_score=0.3385  lr=5.00e-05  grad_norm=2.353  (804s)
Epoch   5/100: train_loss=1.2606  act=0.8316  home=0.4035  cop=0.2152  marg=0.0134  |  val_JS=0.2431  home_gap=0.2234  val_score=0.3549  lr=5.00e-05  grad_norm=1.678  (804s)
Epoch   6/100: train_loss=1.2511  act=0.8248  home=0.4015  cop=0.2129  marg=0.0119  |  val_JS=0.2135  home_gap=0.1583  val_score=0.2927  lr=5.00e-05  grad_norm=1.528  (804s)
  ✓ New best model saved (val_score=0.2927  val_JS=0.2135  home_gap=0.1583)
Epoch   7/100: train_loss=1.2403  act=0.8157  home=0.3994  cop=0.2124  marg=0.0135  |  val_JS=0.2190  home_gap=0.1848  val_score=0.3113  lr=5.00e-05  grad_norm=1.365  (804s)
Epoch   8/100: train_loss=1.2336  act=0.8096  home=0.3996  cop=0.2100  marg=0.0135  |  val_JS=0.1906  home_gap=0.1845  val_score=0.2828  lr=5.00e-05  grad_norm=1.340  (803s)
  ✓ New best model saved (val_score=0.2828  val_JS=0.1906  home_gap=0.1845)
Epoch   9/100: train_loss=1.2168  act=0.7957  home=0.3965  cop=0.2100  marg=0.0125  |  val_JS=0.2214  home_gap=0.1274  val_score=0.2851  lr=5.00e-05  grad_norm=1.297  (804s)
Epoch  10/100: train_loss=1.2037  act=0.7818  home=0.3970  cop=0.2109  marg=0.0129  |  val_JS=0.1550  home_gap=0.0954  val_score=0.2027  lr=5.00e-05  grad_norm=1.284  (804s)
  ✓ New best model saved (val_score=0.2027  val_JS=0.1550  home_gap=0.0954)
Epoch  11/100: train_loss=1.1868  act=0.7659  home=0.3963  cop=0.2107  marg=0.0113  |  val_JS=0.1638  home_gap=0.1158  val_score=0.2217  lr=5.00e-05  grad_norm=1.333  (804s)
Epoch  12/100: train_loss=1.1641  act=0.7436  home=0.3957  cop=0.2111  marg=0.0107  |  val_JS=0.1521  home_gap=0.0969  val_score=0.2006  lr=5.00e-05  grad_norm=1.407  (804s)
  ✓ New best model saved (val_score=0.2006  val_JS=0.1521  home_gap=0.0969)
Epoch  13/100: train_loss=1.1420  act=0.7212  home=0.3958  cop=0.2112  marg=0.0113  |  val_JS=0.1422  home_gap=0.0949  val_score=0.1896  lr=5.00e-05  grad_norm=1.517  (804s)
  ✓ New best model saved (val_score=0.1896  val_JS=0.1422  home_gap=0.0949)
Epoch  14/100: train_loss=1.1160  act=0.6955  home=0.3955  cop=0.2118  marg=0.0111  |  val_JS=0.1248  home_gap=0.0872  val_score=0.1684  lr=5.00e-05  grad_norm=1.622  (804s)
  ✓ New best model saved (val_score=0.1684  val_JS=0.1248  home_gap=0.0872)
Epoch  15/100: train_loss=1.0851  act=0.6661  home=0.3937  cop=0.2122  marg=0.0103  |  val_JS=0.1012  home_gap=0.0926  val_score=0.1475  lr=5.00e-05  grad_norm=1.706  (804s)
  ✓ New best model saved (val_score=0.1475  val_JS=0.1012  home_gap=0.0926)
Epoch  16/100: train_loss=1.0573  act=0.6389  home=0.3933  cop=0.2116  marg=0.0101  |  val_JS=0.0977  home_gap=0.0655  val_score=0.1304  lr=5.00e-05  grad_norm=1.790  (804s)
  ✓ New best model saved (val_score=0.1304  val_JS=0.0977  home_gap=0.0655)
Epoch  17/100: train_loss=1.0268  act=0.6082  home=0.3933  cop=0.2124  marg=0.0093  |  val_JS=0.0857  home_gap=0.0910  val_score=0.1312  lr=5.00e-05  grad_norm=1.888  (804s)
Epoch  18/100: train_loss=0.9965  act=0.5803  home=0.3908  cop=0.2118  marg=0.0091  |  val_JS=0.0935  home_gap=0.0512  val_score=0.1191  lr=5.00e-05  grad_norm=1.940  (804s)
  ✓ New best model saved (val_score=0.1191  val_JS=0.0935  home_gap=0.0512)
Epoch  19/100: train_loss=0.9658  act=0.5524  home=0.3877  cop=0.2120  marg=0.0090  |  val_JS=0.0701  home_gap=0.0650  val_score=0.1026  lr=5.00e-05  grad_norm=2.013  (805s)
  ✓ New best model saved (val_score=0.1026  val_JS=0.0701  home_gap=0.0650)
Epoch  20/100: train_loss=0.9412  act=0.5270  home=0.3884  cop=0.2123  marg=0.0095  |  val_JS=0.0580  home_gap=0.0852  val_score=0.1006  lr=5.00e-05  grad_norm=2.078  (805s)
  ✓ New best model saved (val_score=0.1006  val_JS=0.0580  home_gap=0.0852)
Epoch  21/100: train_loss=0.9133  act=0.5005  home=0.3871  cop=0.2116  marg=0.0091  |  val_JS=0.0590  home_gap=0.0537  val_score=0.0859  lr=5.00e-05  grad_norm=2.119  (804s)
  ✓ New best model saved (val_score=0.0859  val_JS=0.0590  home_gap=0.0537)
Epoch  22/100: train_loss=0.8860  act=0.4742  home=0.3860  cop=0.2117  marg=0.0083  |  val_JS=0.0523  home_gap=0.0850  val_score=0.0948  lr=5.00e-05  grad_norm=2.131  (804s)
Epoch  23/100: train_loss=0.8630  act=0.4517  home=0.3854  cop=0.2118  marg=0.0088  |  val_JS=0.0373  home_gap=0.0455  val_score=0.0601  lr=5.00e-05  grad_norm=2.170  (804s)
  ✓ New best model saved (val_score=0.0601  val_JS=0.0373  home_gap=0.0455)
Epoch  24/100: train_loss=0.8379  act=0.4290  home=0.3829  cop=0.2113  marg=0.0089  |  val_JS=0.0344  home_gap=0.0479  val_score=0.0583  lr=5.00e-05  grad_norm=2.175  (804s)
  ✓ New best model saved (val_score=0.0583  val_JS=0.0344  home_gap=0.0479)
Epoch  25/100: train_loss=0.8172  act=0.4098  home=0.3813  cop=0.2115  marg=0.0083  |  val_JS=0.0260  home_gap=0.0589  val_score=0.0555  lr=5.00e-05  grad_norm=2.194  (805s)
  ✓ New best model saved (val_score=0.0555  val_JS=0.0260  home_gap=0.0589)
Epoch  26/100: train_loss=0.7969  act=0.3904  home=0.3802  cop=0.2113  marg=0.0093  |  val_JS=0.0277  home_gap=0.0461  val_score=0.0507  lr=5.00e-05  grad_norm=2.212  (804s)
  ✓ New best model saved (val_score=0.0507  val_JS=0.0277  home_gap=0.0461)
Epoch  27/100: train_loss=0.7767  act=0.3708  home=0.3794  cop=0.2120  marg=0.0084  |  val_JS=0.0192  home_gap=0.0456  val_score=0.0420  lr=5.00e-05  grad_norm=2.224  (804s)
  ✓ New best model saved (val_score=0.0420  val_JS=0.0192  home_gap=0.0456)
Epoch  28/100: train_loss=0.7581  act=0.3543  home=0.3775  cop=0.2105  marg=0.0084  |  val_JS=0.0234  home_gap=0.0496  val_score=0.0482  lr=5.00e-05  grad_norm=2.235  (805s)
Epoch  29/100: train_loss=0.7374  act=0.3346  home=0.3761  cop=0.2114  marg=0.0082  |  val_JS=0.0166  home_gap=0.0467  val_score=0.0400  lr=5.00e-05  grad_norm=2.207  (804s)
  ✓ New best model saved (val_score=0.0400  val_JS=0.0166  home_gap=0.0467)
Epoch  30/100: train_loss=0.7210  act=0.3190  home=0.3754  cop=0.2108  marg=0.0086  |  val_JS=0.0162  home_gap=0.0360  val_score=0.0342  lr=5.00e-05  grad_norm=2.199  (804s)
  ✓ New best model saved (val_score=0.0342  val_JS=0.0162  home_gap=0.0360)
Epoch  31/100: train_loss=0.7069  act=0.3052  home=0.3749  cop=0.2114  marg=0.0087  |  val_JS=0.0150  home_gap=0.0409  val_score=0.0355  lr=5.00e-05  grad_norm=2.225  (804s)
Epoch  32/100: train_loss=0.6889  act=0.2901  home=0.3721  cop=0.2106  marg=0.0082  |  val_JS=0.0139  home_gap=0.0460  val_score=0.0369  lr=5.00e-05  grad_norm=2.184  (804s)
Epoch  33/100: train_loss=0.6766  act=0.2779  home=0.3719  cop=0.2109  marg=0.0081  |  val_JS=0.0159  home_gap=0.0314  val_score=0.0316  lr=5.00e-05  grad_norm=2.176  (805s)
  ✓ New best model saved (val_score=0.0316  val_JS=0.0159  home_gap=0.0314)
Epoch  34/100: train_loss=0.6625  act=0.2652  home=0.3704  cop=0.2106  marg=0.0078  |  val_JS=0.0130  home_gap=0.0362  val_score=0.0311  lr=5.00e-05  grad_norm=2.183  (803s)
  ✓ New best model saved (val_score=0.0311  val_JS=0.0130  home_gap=0.0362)
Epoch  35/100: train_loss=0.6502  act=0.2531  home=0.3700  cop=0.2109  marg=0.0083  |  val_JS=0.0104  home_gap=0.0365  val_score=0.0286  lr=5.00e-05  grad_norm=2.180  (804s)
  ✓ New best model saved (val_score=0.0286  val_JS=0.0104  home_gap=0.0365)
Epoch  36/100: train_loss=0.6385  act=0.2418  home=0.3694  cop=0.2113  marg=0.0078  |  val_JS=0.0101  home_gap=0.0451  val_score=0.0326  lr=5.00e-05  grad_norm=2.157  (805s)
Epoch  37/100: train_loss=0.6275  act=0.2320  home=0.3683  cop=0.2106  marg=0.0082  |  val_JS=0.0080  home_gap=0.0276  val_score=0.0218  lr=5.00e-05  grad_norm=2.129  (804s)
  ✓ New best model saved (val_score=0.0218  val_JS=0.0080  home_gap=0.0276)
Epoch  38/100: train_loss=0.6166  act=0.2211  home=0.3684  cop=0.2106  marg=0.0081  |  val_JS=0.0096  home_gap=0.0377  val_score=0.0284  lr=5.00e-05  grad_norm=2.103  (804s)
Epoch  39/100: train_loss=0.6051  act=0.2123  home=0.3655  cop=0.2101  marg=0.0079  |  val_JS=0.0071  home_gap=0.0436  val_score=0.0289  lr=5.00e-05  grad_norm=2.070  (804s)
Epoch  40/100: train_loss=0.5987  act=0.2050  home=0.3665  cop=0.2101  marg=0.0088  |  val_JS=0.0084  home_gap=0.0447  val_score=0.0308  lr=5.00e-05  grad_norm=2.075  (805s)
Epoch  41/100: train_loss=0.5893  act=0.1967  home=0.3651  cop=0.2106  marg=0.0084  |  val_JS=0.0090  home_gap=0.0502  val_score=0.0341  lr=5.00e-05  grad_norm=2.058  (804s)
Epoch  42/100: train_loss=0.5824  act=0.1893  home=0.3657  cop=0.2105  marg=0.0085  |  val_JS=0.0069  home_gap=0.0415  val_score=0.0276  lr=5.00e-05  grad_norm=2.044  (804s)
Epoch  43/100: train_loss=0.5734  act=0.1821  home=0.3638  cop=0.2099  marg=0.0086  |  val_JS=0.0060  home_gap=0.0403  val_score=0.0261  lr=5.00e-05  grad_norm=2.010  (805s)
Epoch  44/100: train_loss=0.5613  act=0.1716  home=0.3621  cop=0.2099  marg=0.0077  |  val_JS=0.0080  home_gap=0.0291  val_score=0.0225  lr=4.75e-05  grad_norm=1.919  (805s)
Epoch  45/100: train_loss=0.5561  act=0.1659  home=0.3630  cop=0.2092  marg=0.0073  |  val_JS=0.0062  home_gap=0.0443  val_score=0.0284  lr=4.75e-05  grad_norm=1.922  (804s)
Epoch  46/100: train_loss=0.5519  act=0.1620  home=0.3625  cop=0.2093  marg=0.0083  |  val_JS=0.0057  home_gap=0.0460  val_score=0.0287  lr=4.75e-05  grad_norm=1.935  (803s)
Epoch  47/100: train_loss=0.5439  act=0.1549  home=0.3614  cop=0.2097  marg=0.0078  |  val_JS=0.0089  home_gap=0.0387  val_score=0.0282  lr=4.75e-05  grad_norm=1.886  (803s)
Epoch  48/100: train_loss=0.5402  act=0.1508  home=0.3619  cop=0.2097  marg=0.0080  |  val_JS=0.0072  home_gap=0.0271  val_score=0.0207  lr=4.75e-05  grad_norm=1.868  (804s)
  ✓ New best model saved (val_score=0.0207  val_JS=0.0072  home_gap=0.0271)
Epoch  49/100: train_loss=0.5355  act=0.1458  home=0.3621  cop=0.2100  marg=0.0079  |  val_JS=0.0050  home_gap=0.0370  val_score=0.0235  lr=4.75e-05  grad_norm=1.870  (805s)
Epoch  50/100: train_loss=0.5300  act=0.1413  home=0.3610  cop=0.2100  marg=0.0081  |  val_JS=0.0061  home_gap=0.0382  val_score=0.0252  lr=4.75e-05  grad_norm=1.832  (805s)
Epoch  51/100: train_loss=0.5251  act=0.1376  home=0.3600  cop=0.2091  marg=0.0082  |  val_JS=0.0049  home_gap=0.0263  val_score=0.0180  lr=4.75e-05  grad_norm=1.816  (804s)
  ✓ New best model saved (val_score=0.0180  val_JS=0.0049  home_gap=0.0263)
Epoch  52/100: train_loss=0.5217  act=0.1341  home=0.3600  cop=0.2094  marg=0.0076  |  val_JS=0.0051  home_gap=0.0439  val_score=0.0270  lr=4.75e-05  grad_norm=1.812  (805s)
Epoch  53/100: train_loss=0.5181  act=0.1301  home=0.3607  cop=0.2089  marg=0.0076  |  val_JS=0.0042  home_gap=0.0405  val_score=0.0245  lr=4.75e-05  grad_norm=1.791  (804s)
Epoch  54/100: train_loss=0.5139  act=0.1275  home=0.3587  cop=0.2090  marg=0.0082  |  val_JS=0.0052  home_gap=0.0438  val_score=0.0271  lr=4.75e-05  grad_norm=1.774  (804s)
Epoch  55/100: train_loss=0.5088  act=0.1226  home=0.3585  cop=0.2088  marg=0.0079  |  val_JS=0.0070  home_gap=0.0278  val_score=0.0209  lr=4.75e-05  grad_norm=1.722  (804s)
Epoch  56/100: train_loss=0.5066  act=0.1203  home=0.3588  cop=0.2084  marg=0.0078  |  val_JS=0.0057  home_gap=0.0507  val_score=0.0311  lr=4.75e-05  grad_norm=1.722  (804s)
Epoch  57/100: train_loss=0.5020  act=0.1170  home=0.3574  cop=0.2085  marg=0.0078  |  val_JS=0.0058  home_gap=0.0453  val_score=0.0285  lr=4.75e-05  grad_norm=1.686  (805s)
Epoch  58/100: train_loss=0.4967  act=0.1118  home=0.3572  cop=0.2090  marg=0.0076  |  val_JS=0.0045  home_gap=0.0404  val_score=0.0247  lr=4.51e-05  grad_norm=1.618  (804s)
Epoch  59/100: train_loss=0.4929  act=0.1088  home=0.3564  cop=0.2084  marg=0.0077  |  val_JS=0.0041  home_gap=0.0442  val_score=0.0262  lr=4.51e-05  grad_norm=1.593  (804s)
Epoch  60/100: train_loss=0.4932  act=0.1090  home=0.3565  cop=0.2083  marg=0.0079  |  val_JS=0.0042  home_gap=0.0423  val_score=0.0253  lr=4.51e-05  grad_norm=1.632  (804s)
Epoch  61/100: train_loss=0.4897  act=0.1052  home=0.3569  cop=0.2083  marg=0.0082  |  val_JS=0.0047  home_gap=0.0392  val_score=0.0244  lr=4.51e-05  grad_norm=1.573  (804s)
Epoch  62/100: train_loss=0.4880  act=0.1033  home=0.3570  cop=0.2087  marg=0.0077  |  val_JS=0.0042  home_gap=0.0320  val_score=0.0202  lr=4.51e-05  grad_norm=1.578  (805s)
Epoch  63/100: train_loss=0.4832  act=0.1012  home=0.3542  cop=0.2082  marg=0.0080  |  val_JS=0.0042  home_gap=0.0383  val_score=0.0234  lr=4.51e-05  grad_norm=1.550  (804s)
Epoch  64/100: train_loss=0.4798  act=0.0973  home=0.3548  cop=0.2082  marg=0.0076  |  val_JS=0.0042  home_gap=0.0383  val_score=0.0234  lr=4.29e-05  grad_norm=1.485  (805s)
Epoch  65/100: train_loss=0.4788  act=0.0958  home=0.3556  cop=0.2071  marg=0.0078  |  val_JS=0.0044  home_gap=0.0393  val_score=0.0240  lr=4.29e-05  grad_norm=1.486  (804s)
Epoch  66/100: train_loss=0.4794  act=0.0962  home=0.3556  cop=0.2083  marg=0.0076  |  val_JS=0.0039  home_gap=0.0364  val_score=0.0222  lr=4.29e-05  grad_norm=1.540  (804s)
  Early stopping at epoch 66 (no improvement for 15 epochs)

[4/4] Training complete. Best val_score=0.0180
  Best checkpoint: outputs_step4_J5_X2/checkpoints/best_model.pt
  Training log:    outputs_step4_J5_X2/step4_training_log.csv
=== J5_X2 TRAIN DONE ===
=== J5_X2 INFERENCE ===
============================================================
Step 4E — Inference  
============================================================
  data_dir:   outputs_step4_G1
  checkpoint: outputs_step4_J5_X2/checkpoints/best_model.pt
  output:     outputs_step4_J5_X2/augmented_diaries.csv
  temperature:    0.8
  home_threshold: 0.5
  Device: cuda

[1/4] Loading tensor datasets...
  Total respondents: 64061
  Metadata: (64061, 16)

[2/4] Loading model checkpoint...
  checkpoint (absolute): /nfs/speed-scratch/o_iseri/occModeling/outputs_step4_J5_X2/checkpoints/best_model.pt (117.2 MB)
  Loaded from epoch 50  val_JS=0.0048786583457648535

[3/4] Generating synthetic diaries...
  Processed 256/64061 respondents (0.4%)
  Processed 512/64061 respondents (0.8%)
  Processed 768/64061 respondents (1.2%)
  Processed 1024/64061 respondents (1.6%)
  Processed 1280/64061 respondents (2.0%)
  Processed 1536/64061 respondents (2.4%)
  Processed 1792/64061 respondents (2.8%)
  Processed 2048/64061 respondents (3.2%)
  Processed 2304/64061 respondents (3.6%)
  Processed 2560/64061 respondents (4.0%)
  Processed 2816/64061 respondents (4.4%)
  Processed 3072/64061 respondents (4.8%)
  Processed 3328/64061 respondents (5.2%)
  Processed 3584/64061 respondents (5.6%)
  Processed 3840/64061 respondents (6.0%)
  Processed 4096/64061 respondents (6.4%)
  Processed 4352/64061 respondents (6.8%)
  Processed 4608/64061 respondents (7.2%)
  Processed 4864/64061 respondents (7.6%)
  Processed 5120/64061 respondents (8.0%)
  Processed 5376/64061 respondents (8.4%)
  Processed 5632/64061 respondents (8.8%)
  Processed 5888/64061 respondents (9.2%)
  Processed 6144/64061 respondents (9.6%)
  Processed 6400/64061 respondents (10.0%)
  Processed 6656/64061 respondents (10.4%)
  Processed 6912/64061 respondents (10.8%)
  Processed 7168/64061 respondents (11.2%)
  Processed 7424/64061 respondents (11.6%)
  Processed 7680/64061 respondents (12.0%)
  Processed 7936/64061 respondents (12.4%)
  Processed 8192/64061 respondents (12.8%)
  Processed 8448/64061 respondents (13.2%)
  Processed 8704/64061 respondents (13.6%)
  Processed 8960/64061 respondents (14.0%)
  Processed 9216/64061 respondents (14.4%)
  Processed 9472/64061 respondents (14.8%)
  Processed 9728/64061 respondents (15.2%)
  Processed 9984/64061 respondents (15.6%)
  Processed 10240/64061 respondents (16.0%)
  Processed 10496/64061 respondents (16.4%)
  Processed 10752/64061 respondents (16.8%)
  Processed 11008/64061 respondents (17.2%)
  Processed 11264/64061 respondents (17.6%)
  Processed 11520/64061 respondents (18.0%)
  Processed 11776/64061 respondents (18.4%)
  Processed 12032/64061 respondents (18.8%)
  Processed 12288/64061 respondents (19.2%)
  Processed 12544/64061 respondents (19.6%)
  Processed 12800/64061 respondents (20.0%)
  Processed 13056/64061 respondents (20.4%)
  Processed 13312/64061 respondents (20.8%)
  Processed 13568/64061 respondents (21.2%)
  Processed 13824/64061 respondents (21.6%)
  Processed 14080/64061 respondents (22.0%)
  Processed 14336/64061 respondents (22.4%)
  Processed 14592/64061 respondents (22.8%)
  Processed 14848/64061 respondents (23.2%)
  Processed 15104/64061 respondents (23.6%)
  Processed 15360/64061 respondents (24.0%)
  Processed 15616/64061 respondents (24.4%)
  Processed 15872/64061 respondents (24.8%)
  Processed 16128/64061 respondents (25.2%)
  Processed 16384/64061 respondents (25.6%)
  Processed 16640/64061 respondents (26.0%)
  Processed 16896/64061 respondents (26.4%)
  Processed 17152/64061 respondents (26.8%)
  Processed 17408/64061 respondents (27.2%)
  Processed 17664/64061 respondents (27.6%)
  Processed 17920/64061 respondents (28.0%)
  Processed 18176/64061 respondents (28.4%)
  Processed 18432/64061 respondents (28.8%)
  Processed 18688/64061 respondents (29.2%)
  Processed 18944/64061 respondents (29.6%)
  Processed 19200/64061 respondents (30.0%)
  Processed 19456/64061 respondents (30.4%)
  Processed 19712/64061 respondents (30.8%)
  Processed 19968/64061 respondents (31.2%)
  Processed 20224/64061 respondents (31.6%)
  Processed 20480/64061 respondents (32.0%)
  Processed 20736/64061 respondents (32.4%)
  Processed 20992/64061 respondents (32.8%)
  Processed 21248/64061 respondents (33.2%)
  Processed 21504/64061 respondents (33.6%)
  Processed 21760/64061 respondents (34.0%)
  Processed 22016/64061 respondents (34.4%)
  Processed 22272/64061 respondents (34.8%)
  Processed 22528/64061 respondents (35.2%)
  Processed 22784/64061 respondents (35.6%)
  Processed 23040/64061 respondents (36.0%)
  Processed 23296/64061 respondents (36.4%)
  Processed 23552/64061 respondents (36.8%)
  Processed 23808/64061 respondents (37.2%)
  Processed 24064/64061 respondents (37.6%)
  Processed 24320/64061 respondents (38.0%)
  Processed 24576/64061 respondents (38.4%)
  Processed 24832/64061 respondents (38.8%)
  Processed 25088/64061 respondents (39.2%)
  Processed 25344/64061 respondents (39.6%)
  Processed 25600/64061 respondents (40.0%)
  Processed 25856/64061 respondents (40.4%)
  Processed 26112/64061 respondents (40.8%)
  Processed 26368/64061 respondents (41.2%)
  Processed 26624/64061 respondents (41.6%)
  Processed 26880/64061 respondents (42.0%)
  Processed 27136/64061 respondents (42.4%)
  Processed 27392/64061 respondents (42.8%)
  Processed 27648/64061 respondents (43.2%)
  Processed 27904/64061 respondents (43.6%)
  Processed 28160/64061 respondents (44.0%)
  Processed 28416/64061 respondents (44.4%)
  Processed 28672/64061 respondents (44.8%)
  Processed 28928/64061 respondents (45.2%)
  Processed 29184/64061 respondents (45.6%)
  Processed 29440/64061 respondents (46.0%)
  Processed 29696/64061 respondents (46.4%)
  Processed 29952/64061 respondents (46.8%)
  Processed 30208/64061 respondents (47.2%)
  Processed 30464/64061 respondents (47.6%)
  Processed 30720/64061 respondents (48.0%)
  Processed 30976/64061 respondents (48.4%)
  Processed 31232/64061 respondents (48.8%)
  Processed 31488/64061 respondents (49.2%)
  Processed 31744/64061 respondents (49.6%)
  Processed 32000/64061 respondents (50.0%)
  Processed 32256/64061 respondents (50.4%)
  Processed 32512/64061 respondents (50.8%)
  Processed 32768/64061 respondents (51.2%)
  Processed 33024/64061 respondents (51.6%)
  Processed 33280/64061 respondents (52.0%)
  Processed 33536/64061 respondents (52.4%)
  Processed 33792/64061 respondents (52.7%)
  Processed 34048/64061 respondents (53.1%)
  Processed 34304/64061 respondents (53.5%)
  Processed 34560/64061 respondents (53.9%)
  Processed 34816/64061 respondents (54.3%)
  Processed 35072/64061 respondents (54.7%)
  Processed 35328/64061 respondents (55.1%)
  Processed 35584/64061 respondents (55.5%)
  Processed 35840/64061 respondents (55.9%)
  Processed 36096/64061 respondents (56.3%)
  Processed 36352/64061 respondents (56.7%)
  Processed 36608/64061 respondents (57.1%)
  Processed 36864/64061 respondents (57.5%)
  Processed 37120/64061 respondents (57.9%)
  Processed 37376/64061 respondents (58.3%)
  Processed 37632/64061 respondents (58.7%)
  Processed 37888/64061 respondents (59.1%)
  Processed 38144/64061 respondents (59.5%)
  Processed 38400/64061 respondents (59.9%)
  Processed 38656/64061 respondents (60.3%)
  Processed 38912/64061 respondents (60.7%)
  Processed 39168/64061 respondents (61.1%)
  Processed 39424/64061 respondents (61.5%)
  Processed 39680/64061 respondents (61.9%)
  Processed 39936/64061 respondents (62.3%)
  Processed 40192/64061 respondents (62.7%)
  Processed 40448/64061 respondents (63.1%)
  Processed 40704/64061 respondents (63.5%)
  Processed 40960/64061 respondents (63.9%)
  Processed 41216/64061 respondents (64.3%)
  Processed 41472/64061 respondents (64.7%)
  Processed 41728/64061 respondents (65.1%)
  Processed 41984/64061 respondents (65.5%)
  Processed 42240/64061 respondents (65.9%)
  Processed 42496/64061 respondents (66.3%)
  Processed 42752/64061 respondents (66.7%)
  Processed 43008/64061 respondents (67.1%)
  Processed 43264/64061 respondents (67.5%)
  Processed 43520/64061 respondents (67.9%)
  Processed 43776/64061 respondents (68.3%)
  Processed 44032/64061 respondents (68.7%)
  Processed 44288/64061 respondents (69.1%)
  Processed 44544/64061 respondents (69.5%)
  Processed 44800/64061 respondents (69.9%)
  Processed 45056/64061 respondents (70.3%)
  Processed 45312/64061 respondents (70.7%)
  Processed 45568/64061 respondents (71.1%)
  Processed 45824/64061 respondents (71.5%)
  Processed 46080/64061 respondents (71.9%)
  Processed 46336/64061 respondents (72.3%)
  Processed 46592/64061 respondents (72.7%)
  Processed 46848/64061 respondents (73.1%)
  Processed 47104/64061 respondents (73.5%)
  Processed 47360/64061 respondents (73.9%)
  Processed 47616/64061 respondents (74.3%)
  Processed 47872/64061 respondents (74.7%)
  Processed 48128/64061 respondents (75.1%)
  Processed 48384/64061 respondents (75.5%)
  Processed 48640/64061 respondents (75.9%)
  Processed 48896/64061 respondents (76.3%)
  Processed 49152/64061 respondents (76.7%)
  Processed 49408/64061 respondents (77.1%)
  Processed 49664/64061 respondents (77.5%)
  Processed 49920/64061 respondents (77.9%)
  Processed 50176/64061 respondents (78.3%)
  Processed 50432/64061 respondents (78.7%)
  Processed 50688/64061 respondents (79.1%)
  Processed 50944/64061 respondents (79.5%)
  Processed 51200/64061 respondents (79.9%)
  Processed 51456/64061 respondents (80.3%)
  Processed 51712/64061 respondents (80.7%)
  Processed 51968/64061 respondents (81.1%)
  Processed 52224/64061 respondents (81.5%)
  Processed 52480/64061 respondents (81.9%)
  Processed 52736/64061 respondents (82.3%)
  Processed 52992/64061 respondents (82.7%)
  Processed 53248/64061 respondents (83.1%)
  Processed 53504/64061 respondents (83.5%)
  Processed 53760/64061 respondents (83.9%)
  Processed 54016/64061 respondents (84.3%)
  Processed 54272/64061 respondents (84.7%)
  Processed 54528/64061 respondents (85.1%)
  Processed 54784/64061 respondents (85.5%)
  Processed 55040/64061 respondents (85.9%)
  Processed 55296/64061 respondents (86.3%)
  Processed 55552/64061 respondents (86.7%)
  Processed 55808/64061 respondents (87.1%)
  Processed 56064/64061 respondents (87.5%)
  Processed 56320/64061 respondents (87.9%)
  Processed 56576/64061 respondents (88.3%)
  Processed 56832/64061 respondents (88.7%)
  Processed 57088/64061 respondents (89.1%)
  Processed 57344/64061 respondents (89.5%)
  Processed 57600/64061 respondents (89.9%)
  Processed 57856/64061 respondents (90.3%)
  Processed 58112/64061 respondents (90.7%)
  Processed 58368/64061 respondents (91.1%)
  Processed 58624/64061 respondents (91.5%)
  Processed 58880/64061 respondents (91.9%)
  Processed 59136/64061 respondents (92.3%)
  Processed 59392/64061 respondents (92.7%)
  Processed 59648/64061 respondents (93.1%)
  Processed 59904/64061 respondents (93.5%)
  Processed 60160/64061 respondents (93.9%)
  Processed 60416/64061 respondents (94.3%)
  Processed 60672/64061 respondents (94.7%)
  Processed 60928/64061 respondents (95.1%)
  Processed 61184/64061 respondents (95.5%)
  Processed 61440/64061 respondents (95.9%)
  Processed 61696/64061 respondents (96.3%)
  Processed 61952/64061 respondents (96.7%)
  Processed 62208/64061 respondents (97.1%)
  Processed 62464/64061 respondents (97.5%)
  Processed 62720/64061 respondents (97.9%)
  Processed 62976/64061 respondents (98.3%)
  Processed 63232/64061 respondents (98.7%)
  Processed 63488/64061 respondents (99.1%)
  Processed 63744/64061 respondents (99.5%)
  Processed 64000/64061 respondents (99.9%)
  Processed 64061/64061 respondents (100.0%)

[4/4] Assembling augmented_diaries.csv...

  === AUGMENTED OUTPUT ===
  Shape: (192183, 545)
  IS_SYNTHETIC=0 (observed): 64061
  IS_SYNTHETIC=1 (synthetic): 128122
  Unique occIDs: 27389
  Rows per occID: [np.int64(3), np.int64(6), np.int64(9), np.int64(12)]

  === EXAMPLE RESPONDENT (occID=10754, CYCLE_YEAR=2005) ===
  Observed DDAY_STRATA: 1
  DDAY_STRATA=1.0 IS_SYNTHETIC=0.0  acts=[np.float64(5.0), np.float64(5.0), np.float64(5.0), np.float64(5.0), np.float64(5.0), np.float64(5.0), np.float64(9.0), np.float64(3.0), np.float64(10.0), np.float64(10.0)]...  home=[np.float64(1.0), np.float64(1.0), np.float64(1.0), np.float64(1.0), np.float64(1.0), np.float64(0.0), np.float64(0.0), np.float64(0.0), np.float64(1.0), np.float64(1.0)]...
  DDAY_STRATA=2.0 IS_SYNTHETIC=1.0  acts=[np.float64(5.0), np.float64(5.0), np.float64(5.0), np.float64(5.0), np.float64(5.0), np.float64(5.0), np.float64(6.0), np.float64(6.0), np.float64(10.0), np.float64(10.0)]...  home=[np.float64(1.0), np.float64(1.0), np.float64(1.0), np.float64(1.0), np.float64(1.0), np.float64(1.0), np.float64(1.0), np.float64(1.0), np.float64(1.0), np.float64(1.0)]...
  DDAY_STRATA=3.0 IS_SYNTHETIC=1.0  acts=[np.float64(5.0), np.float64(5.0), np.float64(5.0), np.float64(5.0), np.float64(5.0), np.float64(5.0), np.float64(6.0), np.float64(7.0), np.float64(5.0), np.float64(5.0)]...  home=[np.float64(1.0), np.float64(1.0), np.float64(1.0), np.float64(1.0), np.float64(1.0), np.float64(1.0), np.float64(1.0), np.float64(1.0), np.float64(1.0), np.float64(1.0)]...
  DDAY_STRATA=1.0 IS_SYNTHETIC=0.0  acts=[np.float64(5.0), np.float64(5.0), np.float64(5.0), np.float64(6.0), np.float64(6.0), np.float64(2.0), np.float64(2.0), np.float64(2.0), np.float64(2.0), np.float64(2.0)]...  home=[np.float64(1.0), np.float64(1.0), np.float64(1.0), np.float64(1.0), np.float64(1.0), np.float64(1.0), np.float64(1.0), np.float64(1.0), np.float64(1.0), np.float64(1.0)]...
  DDAY_STRATA=2.0 IS_SYNTHETIC=1.0  acts=[np.float64(5.0), np.float64(5.0), np.float64(5.0), np.float64(5.0), np.float64(5.0), np.float64(5.0), np.float64(5.0), np.float64(5.0), np.float64(5.0), np.float64(5.0)]...  home=[np.float64(1.0), np.float64(1.0), np.float64(1.0), np.float64(1.0), np.float64(1.0), np.float64(1.0), np.float64(1.0), np.float64(1.0), np.float64(1.0), np.float64(1.0)]...
  DDAY_STRATA=3.0 IS_SYNTHETIC=1.0  acts=[np.float64(5.0), np.float64(5.0), np.float64(5.0), np.float64(5.0), np.float64(5.0), np.float64(5.0), np.float64(5.0), np.float64(5.0), np.float64(6.0), np.float64(6.0)]...  home=[np.float64(1.0), np.float64(1.0), np.float64(1.0), np.float64(1.0), np.float64(1.0), np.float64(1.0), np.float64(1.0), np.float64(1.0), np.float64(1.0), np.float64(1.0)]...
  DDAY_STRATA=1.0 IS_SYNTHETIC=1.0  acts=[np.float64(5.0), np.float64(5.0), np.float64(5.0), np.float64(5.0), np.float64(5.0), np.float64(5.0), np.float64(5.0), np.float64(5.0), np.float64(5.0), np.float64(5.0)]...  home=[np.float64(1.0), np.float64(1.0), np.float64(1.0), np.float64(1.0), np.float64(1.0), np.float64(1.0), np.float64(1.0), np.float64(1.0), np.float64(1.0), np.float64(1.0)]...
  DDAY_STRATA=2.0 IS_SYNTHETIC=0.0  acts=[np.float64(5.0), np.float64(5.0), np.float64(5.0), np.float64(5.0), np.float64(5.0), np.float64(5.0), np.float64(5.0), np.float64(5.0), np.float64(5.0), np.float64(5.0)]...  home=[np.float64(1.0), np.float64(1.0), np.float64(1.0), np.float64(1.0), np.float64(1.0), np.float64(1.0), np.float64(1.0), np.float64(1.0), np.float64(1.0), np.float64(1.0)]...
  DDAY_STRATA=3.0 IS_SYNTHETIC=1.0  acts=[np.float64(5.0), np.float64(5.0), np.float64(5.0), np.float64(5.0), np.float64(5.0), np.float64(5.0), np.float64(5.0), np.float64(5.0), np.float64(5.0), np.float64(5.0)]...  home=[np.float64(1.0), np.float64(1.0), np.float64(1.0), np.float64(1.0), np.float64(1.0), np.float64(1.0), np.float64(1.0), np.float64(1.0), np.float64(1.0), np.float64(1.0)]...
  DDAY_STRATA=1.0 IS_SYNTHETIC=0.0  acts=[np.float64(5.0), np.float64(5.0), np.float64(3.0), np.float64(3.0), np.float64(3.0), np.float64(3.0), np.float64(3.0), np.float64(8.0), np.float64(8.0), np.float64(8.0)]...  home=[np.float64(1.0), np.float64(1.0), np.float64(1.0), np.float64(1.0), np.float64(1.0), np.float64(1.0), np.float64(1.0), np.float64(1.0), np.float64(1.0), np.float64(1.0)]...
  DDAY_STRATA=2.0 IS_SYNTHETIC=1.0  acts=[np.float64(5.0), np.float64(5.0), np.float64(5.0), np.float64(5.0), np.float64(5.0), np.float64(5.0), np.float64(5.0), np.float64(5.0), np.float64(5.0), np.float64(5.0)]...  home=[np.float64(1.0), np.float64(1.0), np.float64(1.0), np.float64(1.0), np.float64(1.0), np.float64(1.0), np.float64(1.0), np.float64(1.0), np.float64(1.0), np.float64(1.0)]...
  DDAY_STRATA=3.0 IS_SYNTHETIC=1.0  acts=[np.float64(5.0), np.float64(5.0), np.float64(5.0), np.float64(5.0), np.float64(5.0), np.float64(5.0), np.float64(5.0), np.float64(5.0), np.float64(5.0), np.float64(5.0)]...  home=[np.float64(1.0), np.float64(1.0), np.float64(1.0), np.float64(1.0), np.float64(1.0), np.float64(1.0), np.float64(1.0), np.float64(1.0), np.float64(1.0), np.float64(1.0)]...
  ✓ colleagues = 0 for all 2005/2010 synthetic rows

✓ 04E complete. Saved outputs_step4_J5_X2/augmented_diaries.csv
  Total rows: 192183 (expect 192183)
=== J5_X2 INFERENCE DONE ===
=== J5_X2 AT_HOME DIAGNOSTICS ===
============================================================
Step 4H — AT_HOME Bias Diagnostics  
============================================================
  data_dir  : outputs_step4_J5_X2
  step3_dir : outputs_step3
  output    : outputs_step4_J5_X2/diagnostics_H_J5_X2.json
  hetus path: outputs_step3/hetus_30min.csv
  ERROR: step4_train.pt or training_pairs.pt missing in outputs_step4_J5_X2

[T1] Training-pair target AT_HOME...
     SKIPPED — inputs missing

[T2] Post-hoc rule contribution...
     mean gap closure (non-night vs all) = +1.29 pp   verdict = H2_rejected

[T3] Per-slot trajectory...
     morning = +9.25 pp | midday = +1.25 | evening = -0.18
     afternoon+evening = +0.41 pp | night = +2.38
     slot_of_max_gap = 8  max_gap = +20.94 pp  range = 23.24
     verdict = H3_not_dominant

[T6] Observed AT_HOME sanity...
     any_implausible = False  flagged cells = 0

============================================================
04H DIAGNOSTIC SUMMARY
============================================================
   H1: unknown                   [FLAG]
   H2: H2_rejected               [PASS]
   H3: H3_not_dominant           [WARN]
   H5: H5_rejected               [PASS]

  RECOMMENDATION -> SKIP_GPU
  JSON: outputs_step4_J5_X2/diagnostics_H_J5_X2.json
============================================================
=== J5_X2 ACTIVITY+COP DIAGNOSTICS ===
  data_dir  = outputs_step4_J5_X2
  step3_dir = outputs_step3
  out_json  = outputs_step4_J5_X2/diagnostics_I_J5_X2.json
  rows: aug=192183  syn=128122  obs=64061  obs_cop=64061
  [activity] computing per-CS JS + top-1 agreement ...
    verdict = activity_partial  overall_js_mean = 0.02967861719670588
  [copresence] computing per-channel prevalence gaps ...
    verdict = copresence_partial  max_gap_pp = 5.727885183002623
  wrote outputs_step4_J5_X2/diagnostics_I_J5_X2.json
=== J5_X2 COMPOSITE SCORE ===
============================================================
Step 4J — Statistical Diagnostic Battery
============================================================
  data_dir    = outputs_step4_J5_X2
  step3_dir   = outputs_step3
  out_json    = outputs_step4_J5_X2/diagnostics_J5_X2.json
  n_bootstrap = 1000
  rows: aug=192183  obs=64061  syn=128122

[T1] Bootstrap CIs ...
  * Alone        gap=+5.7 pp  CI=[+5.5, +6.0]
  * Spouse       gap=-1.9 pp  CI=[-2.1, -1.7]
  * Children     gap=+1.6 pp  CI=[+1.5, +1.8]
  * parents      gap=+1.4 pp  CI=[+1.4, +1.5]
  * friends      gap=+2.7 pp  CI=[+2.6, +2.8]
  * others       gap=-1.4 pp  CI=[-1.5, -1.2]
  * colleagues   gap=-5.4 pp  CI=[-5.6, -5.2]
  * AT_HOME      gap=+3.0 pp  CI=[+2.7, +3.2]

[T2] Calibration curves ...
  [Alone]  calibration MAE = 0.1846
  [Spouse]  calibration MAE = 0.0981
  [Children]  calibration MAE = 0.2236
  [parents]  calibration MAE = 0.3340
  [friends]  calibration MAE = 0.4103
  [others]  calibration MAE = 0.3545
  [colleagues]  calibration MAE = 0.3678
  [AT_HOME] calibration MAE = 0.5439

[T3] Joint distributions ...
  activity_x_at_home [obs]  V=0.2161
  activity_x_at_home [syn]  V=0.2426
  activity_x_alone [obs]  V=0.0906
  activity_x_alone [syn]  V=0.0805
  alone_x_at_home [obs]  V=0.0666
  alone_x_at_home [syn]  V=0.2069

[T4] χ²/KS tests ...
  χ² (activity): 12/12 cells reject H₀ at α=2.98e-04
  KS (AT_HOME/Alone): 12/12 cells reject H₀

[T5] Composite score ...
  AT_HOME gap RMS:   4.42 pp
  COP max gap:       5.73 pp
  Activity JS mean:  0.0297
  COP cal MAE mean:  0.2818
  Composite score S: 0.6747  (lower=better)

  wrote outputs_step4_J5_X2/diagnostics_J5_X2.json

✓ 04J complete.  Composite score S = 0.6747
=== J5_X2 DONE: check outputs_step4_J5_X2/diagnostics_J5_X2.json ===
