============================================================
J2.5 smoke run: MODEL_TYPE=J2_5  DATA_DIR=outputs_step4_G1
PY_ARGS:  --batch_size 256 --max_epochs 10 --patience 10 --lr 5e-05 --d_model 384 --n_heads 8 --n_enc_layers 6 --n_dec_layers 6
============================================================
============================================================
Step 4D — Training  [SAMPLE MODE]
============================================================
  data_dir:       outputs_step4_G1
  output_dir:     outputs_step4_J2_5_smoke
  checkpoint_dir: outputs_step4_J2_5_smoke/checkpoints
  batch_size=256  max_epochs=10  patience=10  lr=5e-05  fp16=False
  checkpoint_dir (absolute): /nfs/speed-scratch/o_iseri/occModeling/outputs_step4_J2_5_smoke/checkpoints
  AUX_STRATUM_HEAD=False  COP_POS_WEIGHT=0  ACTIVITY_BOOSTS=1  DATA_SIDE_SAMPLING=0  MARG_MODE=global  AUX_STRATUM_LAMBDA=0.1  SPOUSE_NEG_WEIGHT=0.45
  Device: cuda
[1/4] Loading datasets and pairs...
  Train pairs: 141270 | Val respondents: 9609
  Activity class weights (inv-sqrt-freq, ACTIVITY_BOOSTS=1):
    class  0: 2.174
    class  1: 0.517
    class  2: 1.072
    class  3: 1.110
    class  4: 0.261
    class  5: 0.752
    class  6: 0.892
    class  7: 1.355
    class  8: 1.473
    class  9: 0.406
    class 10: 1.161
    class 11: 1.782
    class 12: 2.341
    class 13: 2.742
  AT_HOME observed rate: 0.7250  pos_weight: disabled
  Marginal-bias loss weight: LAMBDA_MARG=0.1  MARG_MODE=global
  COP pos_weight: disabled (COP_POS_WEIGHT=0)
  SPOUSE_NEG_WEIGHT=0.45: Spouse (idx 1) cop pos_weight overridden
[2/4] Building model...
  Parameters: 338,360
JSeriesHybrid(
  (act_embedding): Embedding(14, 16)
  (slot_linear): Linear(in_features=26, out_features=64, bias=True)
  (cycle_embedding): Embedding(4, 16)
  (cls_mlp): Sequential(
    (0): Linear(in_features=93, out_features=256, bias=True)
    (1): GELU(approximate='none')
    (2): Linear(in_features=256, out_features=64, bias=True)
  )
  (arm1_slot_proj): Linear(in_features=16, out_features=64, bias=True)
  (encoder): TransformerEncoder(
    (layers): ModuleList(
      (0-1): 2 x TransformerEncoderLayer(
        (self_attn): MultiheadAttention(
          (out_proj): NonDynamicallyQuantizableLinear(in_features=64, out_features=64, bias=True)
        )
        (linear1): Linear(in_features=64, out_features=256, bias=True)
        (dropout): Dropout(p=0.1, inplace=False)
        (linear2): Linear(in_features=256, out_features=64, bias=True)
        (norm1): LayerNorm((64,), eps=1e-05, elementwise_affine=True)
        (norm2): LayerNorm((64,), eps=1e-05, elementwise_affine=True)
        (dropout1): Dropout(p=0.1, inplace=False)
        (dropout2): Dropout(p=0.1, inplace=False)
      )
    )
    (norm): LayerNorm((64,), eps=1e-05, elementwise_affine=True)
  )
  (arm1_decoder): CrossAttnDecoder(
    (proj_demo): Linear(in_features=77, out_features=64, bias=True)
    (proj_cycle): Linear(in_features=16, out_features=64, bias=True)
    (proj_strata): Linear(in_features=3, out_features=64, bias=True)
    (layers): ModuleList(
      (0-1): 2 x CondCrossAttnDecoderLayer(
        (self_attn): MultiheadAttention(
          (out_proj): NonDynamicallyQuantizableLinear(in_features=64, out_features=64, bias=True)
        )
        (cross_mem): MultiheadAttention(
          (out_proj): NonDynamicallyQuantizableLinear(in_features=64, out_features=64, bias=True)
        )
        (cross_cond): MultiheadAttention(
          (out_proj): NonDynamicallyQuantizableLinear(in_features=64, out_features=64, bias=True)
        )
        (ffn): Sequential(
          (0): Linear(in_features=64, out_features=256, bias=True)
          (1): GELU(approximate='none')
          (2): Linear(in_features=256, out_features=64, bias=True)
        )
        (ln1): LayerNorm((64,), eps=1e-05, elementwise_affine=True)
        (ln2): LayerNorm((64,), eps=1e-05, elementwise_affine=True)
        (ln3): LayerNorm((64,), eps=1e-05, elementwise_affine=True)
        (ln4): LayerNorm((64,), eps=1e-05, elementwise_affine=True)
        (drop): Dropout(p=0.0, inplace=False)
      )
    )
    (norm): LayerNorm((64,), eps=1e-05, elementwise_affine=True)
  )
  (act_head): Linear(in_features=64, out_features=14, bias=True)
  (arm2_proj): Linear(in_features=174, out_features=64, bias=True)
  (home_head): Sequential(
    (0): Linear(in_features=64, out_features=64, bias=True)
    (1): GELU(approximate='none')
    (2): Dropout(p=0.1, inplace=False)
    (3): Linear(in_features=64, out_features=1, bias=True)
  )
  (cop_head): Sequential(
    (0): Linear(in_features=64, out_features=64, bias=True)
    (1): Tanh()
    (2): Linear(in_features=64, out_features=9, bias=True)
  )
)
[3/4] Training...
Epoch   1/10: train_loss=1.4510  act=1.0528  home=0.4533  cop=0.2586  marg=0.0334  |  val_JS=0.2252  home_gap=0.2369  val_score=0.3437  lr=5.00e-05  grad_norm=3.511  (151s)
  ✓ New best model saved (val_score=0.3437  val_JS=0.2252  home_gap=0.2369)
Epoch   2/10: train_loss=1.2476  act=0.8814  home=0.4229  cop=0.2235  marg=0.0308  |  val_JS=0.2641  home_gap=0.2541  val_score=0.3911  lr=5.00e-05  grad_norm=2.137  (152s)
Epoch   3/10: train_loss=1.2311  act=0.8689  home=0.4203  cop=0.2162  marg=0.0303  |  val_JS=0.2394  home_gap=0.2040  val_score=0.3414  lr=5.00e-05  grad_norm=1.739  (153s)
  ✓ New best model saved (val_score=0.3414  val_JS=0.2394  home_gap=0.2040)
Epoch   4/10: train_loss=1.2195  act=0.8604  home=0.4170  cop=0.2139  marg=0.0295  |  val_JS=0.2223  home_gap=0.1915  val_score=0.3181  lr=5.00e-05  grad_norm=1.536  (153s)
  ✓ New best model saved (val_score=0.3181  val_JS=0.2223  home_gap=0.1915)
Epoch   5/10: train_loss=1.2115  act=0.8530  home=0.4171  cop=0.2117  marg=0.0298  |  val_JS=0.2265  home_gap=0.2210  val_score=0.3369  lr=5.00e-05  grad_norm=1.433  (153s)
Epoch   6/10: train_loss=1.1995  act=0.8429  home=0.4146  cop=0.2113  marg=0.0294  |  val_JS=0.2110  home_gap=0.1755  val_score=0.2988  lr=5.00e-05  grad_norm=1.365  (153s)
  ✓ New best model saved (val_score=0.2988  val_JS=0.2110  home_gap=0.1755)
Epoch   7/10: train_loss=1.1945  act=0.8403  home=0.4121  cop=0.2094  marg=0.0293  |  val_JS=0.2310  home_gap=0.2200  val_score=0.3410  lr=5.00e-05  grad_norm=1.324  (153s)
Epoch   8/10: train_loss=1.1888  act=0.8362  home=0.4100  cop=0.2088  marg=0.0288  |  val_JS=0.2006  home_gap=0.1671  val_score=0.2842  lr=5.00e-05  grad_norm=1.299  (153s)
  ✓ New best model saved (val_score=0.2842  val_JS=0.2006  home_gap=0.1671)
Epoch   9/10: train_loss=1.1856  act=0.8332  home=0.4096  cop=0.2093  marg=0.0286  |  val_JS=0.2236  home_gap=0.1906  val_score=0.3189  lr=5.00e-05  grad_norm=1.279  (154s)
Epoch  10/10: train_loss=1.1843  act=0.8325  home=0.4092  cop=0.2084  marg=0.0289  |  val_JS=0.2082  home_gap=0.1682  val_score=0.2923  lr=5.00e-05  grad_norm=1.270  (154s)

[4/4] Training complete. Best val_score=0.2842
  Best checkpoint: outputs_step4_J2_5_smoke/checkpoints/best_model.pt
  Training log:    outputs_step4_J2_5_smoke/step4_training_log.csv
=== J2.5 SMOKE COMPLETE ===
