============================================================
J2 smoke run: MODEL_TYPE=J2  DATA_DIR=outputs_step4_G1
PY_ARGS:  --batch_size 256 --max_epochs 10 --patience 10 --lr 5e-05 --d_model 384 --n_heads 8 --n_enc_layers 6 --n_dec_layers 6
============================================================
============================================================
Step 4D — Training  [SAMPLE MODE]
============================================================
  data_dir:       outputs_step4_G1
  output_dir:     outputs_step4_J2_smoke
  checkpoint_dir: outputs_step4_J2_smoke/checkpoints
  batch_size=256  max_epochs=10  patience=10  lr=5e-05  fp16=False
  checkpoint_dir (absolute): /nfs/speed-scratch/o_iseri/occModeling/outputs_step4_J2_smoke/checkpoints
  AUX_STRATUM_HEAD=False  COP_POS_WEIGHT=0  ACTIVITY_BOOSTS=1  DATA_SIDE_SAMPLING=0  MARG_MODE=global  AUX_STRATUM_LAMBDA=0.1  SPOUSE_NEG_WEIGHT=0.45
  Device: cuda
[1/4] Loading datasets and pairs...
  Train pairs: 141270 | Val respondents: 9609
  Activity class weights (inv-sqrt-freq, ACTIVITY_BOOSTS=1):
    class  0: 2.174
    class  1: 0.517
    class  2: 1.072
    class  3: 1.110
    class  4: 0.261
    class  5: 0.752
    class  6: 0.892
    class  7: 1.355
    class  8: 1.473
    class  9: 0.406
    class 10: 1.161
    class 11: 1.782
    class 12: 2.341
    class 13: 2.742
  AT_HOME observed rate: 0.7250  pos_weight: disabled
  Marginal-bias loss weight: LAMBDA_MARG=0.1  MARG_MODE=global
  COP pos_weight: disabled (COP_POS_WEIGHT=0)
  SPOUSE_NEG_WEIGHT=0.45: Spouse (idx 1) cop pos_weight overridden
[2/4] Building model...
  Parameters: 338,360
JSeriesHybrid(
  (act_embedding): Embedding(14, 16)
  (slot_linear): Linear(in_features=26, out_features=64, bias=True)
  (cycle_embedding): Embedding(4, 16)
  (cls_mlp): Sequential(
    (0): Linear(in_features=93, out_features=256, bias=True)
    (1): GELU(approximate='none')
    (2): Linear(in_features=256, out_features=64, bias=True)
  )
  (arm1_slot_proj): Linear(in_features=16, out_features=64, bias=True)
  (encoder): TransformerEncoder(
    (layers): ModuleList(
      (0-1): 2 x TransformerEncoderLayer(
        (self_attn): MultiheadAttention(
          (out_proj): NonDynamicallyQuantizableLinear(in_features=64, out_features=64, bias=True)
        )
        (linear1): Linear(in_features=64, out_features=256, bias=True)
        (dropout): Dropout(p=0.1, inplace=False)
        (linear2): Linear(in_features=256, out_features=64, bias=True)
        (norm1): LayerNorm((64,), eps=1e-05, elementwise_affine=True)
        (norm2): LayerNorm((64,), eps=1e-05, elementwise_affine=True)
        (dropout1): Dropout(p=0.1, inplace=False)
        (dropout2): Dropout(p=0.1, inplace=False)
      )
    )
    (norm): LayerNorm((64,), eps=1e-05, elementwise_affine=True)
  )
  (arm1_decoder): CrossAttnDecoder(
    (proj_demo): Linear(in_features=77, out_features=64, bias=True)
    (proj_cycle): Linear(in_features=16, out_features=64, bias=True)
    (proj_strata): Linear(in_features=3, out_features=64, bias=True)
    (layers): ModuleList(
      (0-1): 2 x CondCrossAttnDecoderLayer(
        (self_attn): MultiheadAttention(
          (out_proj): NonDynamicallyQuantizableLinear(in_features=64, out_features=64, bias=True)
        )
        (cross_mem): MultiheadAttention(
          (out_proj): NonDynamicallyQuantizableLinear(in_features=64, out_features=64, bias=True)
        )
        (cross_cond): MultiheadAttention(
          (out_proj): NonDynamicallyQuantizableLinear(in_features=64, out_features=64, bias=True)
        )
        (ffn): Sequential(
          (0): Linear(in_features=64, out_features=256, bias=True)
          (1): GELU(approximate='none')
          (2): Linear(in_features=256, out_features=64, bias=True)
        )
        (ln1): LayerNorm((64,), eps=1e-05, elementwise_affine=True)
        (ln2): LayerNorm((64,), eps=1e-05, elementwise_affine=True)
        (ln3): LayerNorm((64,), eps=1e-05, elementwise_affine=True)
        (ln4): LayerNorm((64,), eps=1e-05, elementwise_affine=True)
        (drop): Dropout(p=0.0, inplace=False)
      )
    )
    (norm): LayerNorm((64,), eps=1e-05, elementwise_affine=True)
  )
  (act_head): Linear(in_features=64, out_features=14, bias=True)
  (arm2_proj): Linear(in_features=174, out_features=64, bias=True)
  (home_head): Sequential(
    (0): Linear(in_features=64, out_features=64, bias=True)
    (1): Tanh()
    (2): Linear(in_features=64, out_features=1, bias=True)
  )
  (cop_head): Sequential(
    (0): Linear(in_features=64, out_features=64, bias=True)
    (1): Tanh()
    (2): Linear(in_features=64, out_features=9, bias=True)
  )
)
[3/4] Training...
Epoch   1/10: train_loss=1.5387  act=1.0526  home=0.4498  cop=0.2597  marg=0.0334  |  val_JS=0.2179  home_gap=0.2397  val_score=0.3378  lr=5.00e-05  grad_norm=3.564  (159s)
  ✓ New best model saved (val_score=0.3378  val_JS=0.2179  home_gap=0.2397)
Epoch   2/10: train_loss=1.3309  act=0.8816  home=0.4212  cop=0.2236  marg=0.0310  |  val_JS=0.2645  home_gap=0.2562  val_score=0.3926  lr=5.00e-05  grad_norm=2.239  (161s)
Epoch   3/10: train_loss=1.3142  act=0.8690  home=0.4191  cop=0.2164  marg=0.0305  |  val_JS=0.2380  home_gap=0.2005  val_score=0.3383  lr=5.00e-05  grad_norm=1.841  (161s)
Epoch   4/10: train_loss=1.3019  act=0.8604  home=0.4159  cop=0.2139  marg=0.0297  |  val_JS=0.2231  home_gap=0.1936  val_score=0.3199  lr=5.00e-05  grad_norm=1.632  (162s)
  ✓ New best model saved (val_score=0.3199  val_JS=0.2231  home_gap=0.1936)
Epoch   5/10: train_loss=1.2940  act=0.8529  home=0.4162  cop=0.2118  marg=0.0300  |  val_JS=0.2270  home_gap=0.2236  val_score=0.3388  lr=5.00e-05  grad_norm=1.526  (162s)
Epoch   6/10: train_loss=1.2816  act=0.8429  home=0.4138  cop=0.2113  marg=0.0296  |  val_JS=0.2068  home_gap=0.1726  val_score=0.2931  lr=5.00e-05  grad_norm=1.452  (162s)
  ✓ New best model saved (val_score=0.2931  val_JS=0.2068  home_gap=0.1726)
Epoch   7/10: train_loss=1.2763  act=0.8403  home=0.4113  cop=0.2094  marg=0.0295  |  val_JS=0.2332  home_gap=0.2206  val_score=0.3435  lr=5.00e-05  grad_norm=1.406  (162s)
Epoch   8/10: train_loss=1.2702  act=0.8363  home=0.4093  cop=0.2088  marg=0.0289  |  val_JS=0.1970  home_gap=0.1578  val_score=0.2759  lr=5.00e-05  grad_norm=1.372  (163s)
  ✓ New best model saved (val_score=0.2759  val_JS=0.1970  home_gap=0.1578)
Epoch   9/10: train_loss=1.2671  act=0.8333  home=0.4090  cop=0.2093  marg=0.0288  |  val_JS=0.2170  home_gap=0.1859  val_score=0.3099  lr=5.00e-05  grad_norm=1.349  (162s)
Epoch  10/10: train_loss=1.2657  act=0.8325  home=0.4087  cop=0.2084  marg=0.0290  |  val_JS=0.2023  home_gap=0.1702  val_score=0.2874  lr=5.00e-05  grad_norm=1.336  (163s)

[4/4] Training complete. Best val_score=0.2759
  Best checkpoint: outputs_step4_J2_smoke/checkpoints/best_model.pt
  Training log:    outputs_step4_J2_smoke/step4_training_log.csv
=== J2 SMOKE COMPLETE ===
