============================================================
J4_3 smoke run: MODEL_TYPE=J4_3  LAMBDA_LOGIC=0.1  DATA_DIR=outputs_step4_G1
PY_ARGS:  --batch_size 256 --max_epochs 10 --patience 10 --lr 5e-05 --d_model 384 --n_heads 8 --n_enc_layers 6 --n_dec_layers 6
============================================================
============================================================
Step 4D — Training  [SAMPLE MODE]
============================================================
  data_dir:       outputs_step4_G1
  output_dir:     outputs_step4_J4_3_smoke
  checkpoint_dir: outputs_step4_J4_3_smoke/checkpoints
  batch_size=256  max_epochs=10  patience=10  lr=5e-05  fp16=False
  checkpoint_dir (absolute): /nfs/speed-scratch/o_iseri/occModeling/outputs_step4_J4_3_smoke/checkpoints
  AUX_STRATUM_HEAD=False  COP_POS_WEIGHT=0  ACTIVITY_BOOSTS=1  DATA_SIDE_SAMPLING=0  MARG_MODE=global  AUX_STRATUM_LAMBDA=0.1  SPOUSE_NEG_WEIGHT=0.45
  Device: cuda
[1/4] Loading datasets and pairs...
  Train pairs: 141270 | Val respondents: 9609
  Activity class weights (inv-sqrt-freq, ACTIVITY_BOOSTS=1):
    class  0: 2.174
    class  1: 0.517
    class  2: 1.072
    class  3: 1.110
    class  4: 0.261
    class  5: 0.752
    class  6: 0.892
    class  7: 1.355
    class  8: 1.473
    class  9: 0.406
    class 10: 1.161
    class 11: 1.782
    class 12: 2.341
    class 13: 2.742
  AT_HOME observed rate: 0.7250  pos_weight: disabled
  Marginal-bias loss weight: LAMBDA_MARG=0.1  MARG_MODE=global
  COP pos_weight: disabled (COP_POS_WEIGHT=0)
  SPOUSE_NEG_WEIGHT=0.45: Spouse (idx 1) cop pos_weight overridden
[2/4] Building model...
  Parameters: 342,520
JSeriesHybrid(
  (act_embedding): Embedding(14, 16)
  (slot_linear): Linear(in_features=26, out_features=64, bias=True)
  (cycle_embedding): Embedding(4, 16)
  (cls_mlp): Sequential(
    (0): Linear(in_features=93, out_features=256, bias=True)
    (1): GELU(approximate='none')
    (2): Linear(in_features=256, out_features=64, bias=True)
  )
  (arm1_slot_proj): Linear(in_features=16, out_features=64, bias=True)
  (encoder): TransformerEncoder(
    (layers): ModuleList(
      (0-1): 2 x TransformerEncoderLayer(
        (self_attn): MultiheadAttention(
          (out_proj): NonDynamicallyQuantizableLinear(in_features=64, out_features=64, bias=True)
        )
        (linear1): Linear(in_features=64, out_features=256, bias=True)
        (dropout): Dropout(p=0.1, inplace=False)
        (linear2): Linear(in_features=256, out_features=64, bias=True)
        (norm1): LayerNorm((64,), eps=1e-05, elementwise_affine=True)
        (norm2): LayerNorm((64,), eps=1e-05, elementwise_affine=True)
        (dropout1): Dropout(p=0.1, inplace=False)
        (dropout2): Dropout(p=0.1, inplace=False)
      )
    )
    (norm): LayerNorm((64,), eps=1e-05, elementwise_affine=True)
  )
  (arm1_decoder): CrossAttnDecoder(
    (proj_demo): Linear(in_features=77, out_features=64, bias=True)
    (proj_cycle): Linear(in_features=16, out_features=64, bias=True)
    (proj_strata): Linear(in_features=3, out_features=64, bias=True)
    (layers): ModuleList(
      (0-1): 2 x CondCrossAttnDecoderLayer(
        (self_attn): MultiheadAttention(
          (out_proj): NonDynamicallyQuantizableLinear(in_features=64, out_features=64, bias=True)
        )
        (cross_mem): MultiheadAttention(
          (out_proj): NonDynamicallyQuantizableLinear(in_features=64, out_features=64, bias=True)
        )
        (cross_cond): MultiheadAttention(
          (out_proj): NonDynamicallyQuantizableLinear(in_features=64, out_features=64, bias=True)
        )
        (ffn): Sequential(
          (0): Linear(in_features=64, out_features=256, bias=True)
          (1): GELU(approximate='none')
          (2): Linear(in_features=256, out_features=64, bias=True)
        )
        (ln1): LayerNorm((64,), eps=1e-05, elementwise_affine=True)
        (ln2): LayerNorm((64,), eps=1e-05, elementwise_affine=True)
        (ln3): LayerNorm((64,), eps=1e-05, elementwise_affine=True)
        (ln4): LayerNorm((64,), eps=1e-05, elementwise_affine=True)
        (drop): Dropout(p=0.0, inplace=False)
      )
    )
    (norm): LayerNorm((64,), eps=1e-05, elementwise_affine=True)
  )
  (act_head): Linear(in_features=64, out_features=14, bias=True)
  (arm2_act_proj): Linear(in_features=14, out_features=64, bias=True)
  (arm2_proj): Linear(in_features=224, out_features=64, bias=True)
  (home_head): Sequential(
    (0): Linear(in_features=64, out_features=64, bias=True)
    (1): Tanh()
    (2): Linear(in_features=64, out_features=1, bias=True)
  )
  (cop_head): Sequential(
    (0): Linear(in_features=64, out_features=64, bias=True)
    (1): Tanh()
    (2): Linear(in_features=64, out_features=9, bias=True)
  )
)
[3/4] Training...
Epoch   1/10: train_loss=1.4609  act=1.0572  home=0.4423  cop=0.2726  marg=0.0323  |  val_JS=0.2236  home_gap=0.2229  val_score=0.3351  lr=5.00e-05  grad_norm=3.345  (159s)
  ✓ New best model saved (val_score=0.3351  val_JS=0.2236  home_gap=0.2229)
Epoch   2/10: train_loss=1.2518  act=0.8805  home=0.4188  cop=0.2299  marg=0.0301  |  val_JS=0.2042  home_gap=0.1422  val_score=0.2752  lr=5.00e-05  grad_norm=1.852  (160s)
  ✓ New best model saved (val_score=0.2752  val_JS=0.2042  home_gap=0.1422)
Epoch   3/10: train_loss=1.2295  act=0.8622  home=0.4157  cop=0.2252  marg=0.0294  |  val_JS=0.2105  home_gap=0.1518  val_score=0.2863  lr=5.00e-05  grad_norm=1.514  (159s)
Epoch   4/10: train_loss=1.2214  act=0.8560  home=0.4143  cop=0.2225  marg=0.0294  |  val_JS=0.1865  home_gap=0.2059  val_score=0.2894  lr=5.00e-05  grad_norm=1.370  (156s)
Epoch   5/10: train_loss=1.2095  act=0.8477  home=0.4104  cop=0.2204  marg=0.0292  |  val_JS=0.2194  home_gap=0.2129  val_score=0.3258  lr=5.00e-05  grad_norm=1.295  (156s)
Epoch   6/10: train_loss=1.2036  act=0.8418  home=0.4103  cop=0.2206  marg=0.0287  |  val_JS=0.1795  home_gap=0.1677  val_score=0.2634  lr=5.00e-05  grad_norm=1.245  (156s)
  ✓ New best model saved (val_score=0.2634  val_JS=0.1795  home_gap=0.1677)
Epoch   7/10: train_loss=1.1948  act=0.8360  home=0.4067  cop=0.2193  marg=0.0283  |  val_JS=0.2091  home_gap=0.1988  val_score=0.3085  lr=5.00e-05  grad_norm=1.214  (156s)
Epoch   8/10: train_loss=1.1913  act=0.8329  home=0.4064  cop=0.2187  marg=0.0285  |  val_JS=0.2056  home_gap=0.1924  val_score=0.3018  lr=5.00e-05  grad_norm=1.202  (154s)
Epoch   9/10: train_loss=1.1896  act=0.8320  home=0.4053  cop=0.2189  marg=0.0284  |  val_JS=0.2065  home_gap=0.1724  val_score=0.2927  lr=5.00e-05  grad_norm=1.188  (154s)
Epoch  10/10: train_loss=1.1853  act=0.8283  home=0.4051  cop=0.2176  marg=0.0285  |  val_JS=0.2052  home_gap=0.1507  val_score=0.2805  lr=5.00e-05  grad_norm=1.187  (154s)

[4/4] Training complete. Best val_score=0.2634
  Best checkpoint: outputs_step4_J4_3_smoke/checkpoints/best_model.pt
  Training log:    outputs_step4_J4_3_smoke/step4_training_log.csv
=== J4_3 SMOKE COMPLETE ===
