=== MDLM_D3 TRAIN START ===
============================================================
Step 4D — Training  
============================================================
  data_dir:       outputs_step4_G2
  output_dir:     outputs_step4_full/MDLM_D3
  checkpoint_dir: outputs_step4_full/MDLM_D3/checkpoints
  batch_size=256  max_epochs=100  patience=15  lr=5e-05  fp16=False
  checkpoint_dir (absolute): /nfs/speed-scratch/o_iseri/occModeling/outputs_step4_full/MDLM_D3/checkpoints
  AUX_STRATUM_HEAD=False  COP_POS_WEIGHT=0  ACTIVITY_BOOSTS=1  DATA_SIDE_SAMPLING=0  MARG_MODE=per_cs  AUX_STRATUM_LAMBDA=0.1  SPOUSE_NEG_WEIGHT=0.45  LAMBDA_TRANS=0.0
  [Phase 6] MODEL_TYPE=MDLM  LOSS_MODE=ce  USE_FILM=1  USE_FOURIER_PE=1  USE_PREFIX=1  USE_SPL=0  USE_FACT=0
  Device: cuda
[1/4] Loading datasets and pairs...
  Train pairs: 89686 | Val respondents: 9609
  Activity class weights (inv-sqrt-freq, ACTIVITY_BOOSTS=1):
    class  0: 2.185
    class  1: 0.520
    class  2: 1.074
    class  3: 1.108
    class  4: 0.261
    class  5: 0.754
    class  6: 0.893
    class  7: 1.353
    class  8: 1.474
    class  9: 0.408
    class 10: 1.172
    class 11: 1.769
    class 12: 2.348
    class 13: 2.729
  AT_HOME observed rate: 0.7251  pos_weight: disabled
  Marginal-bias loss weight: LAMBDA_MARG=0.1  MARG_MODE=per_cs
  COP pos_weight: disabled (COP_POS_WEIGHT=0)
  SPOUSE_NEG_WEIGHT=0.45: Spouse (idx 1) cop pos_weight overridden
[2/4] Building model...
  Parameters: 32,897,158
MDLMHybrid(
  (act_embedding): Embedding(14, 32)
  (slot_linear): Linear(in_features=42, out_features=384, bias=True)
  (cycle_embedding): Embedding(4, 32)
  (cls_mlp): Sequential(
    (0): Linear(in_features=122, out_features=256, bias=True)
    (1): GELU(approximate='none')
    (2): Linear(in_features=256, out_features=384, bias=True)
  )
  (arm1_slot_proj): Linear(in_features=32, out_features=384, bias=True)
  (encoder): TransformerEncoder(
    (layers): ModuleList(
      (0-5): 6 x TransformerEncoderLayer(
        (self_attn): MultiheadAttention(
          (out_proj): NonDynamicallyQuantizableLinear(in_features=384, out_features=384, bias=True)
        )
        (linear1): Linear(in_features=384, out_features=1536, bias=True)
        (dropout): Dropout(p=0.1, inplace=False)
        (linear2): Linear(in_features=1536, out_features=384, bias=True)
        (norm1): LayerNorm((384,), eps=1e-05, elementwise_affine=True)
        (norm2): LayerNorm((384,), eps=1e-05, elementwise_affine=True)
        (dropout1): Dropout(p=0.1, inplace=False)
        (dropout2): Dropout(p=0.1, inplace=False)
      )
    )
    (norm): LayerNorm((384,), eps=1e-05, elementwise_affine=True)
  )
  (arm1_decoder): CrossAttnDecoder(
    (proj_demo): Linear(in_features=90, out_features=384, bias=True)
    (proj_cycle): Linear(in_features=32, out_features=384, bias=True)
    (proj_strata): Linear(in_features=3, out_features=384, bias=True)
    (layers): ModuleList(
      (0-5): 6 x CondCrossAttnDecoderLayer(
        (self_attn): MultiheadAttention(
          (out_proj): NonDynamicallyQuantizableLinear(in_features=384, out_features=384, bias=True)
        )
        (cross_mem): MultiheadAttention(
          (out_proj): NonDynamicallyQuantizableLinear(in_features=384, out_features=384, bias=True)
        )
        (cross_cond): MultiheadAttention(
          (out_proj): NonDynamicallyQuantizableLinear(in_features=384, out_features=384, bias=True)
        )
        (ffn): Sequential(
          (0): Linear(in_features=384, out_features=1536, bias=True)
          (1): GELU(approximate='none')
          (2): Linear(in_features=1536, out_features=384, bias=True)
        )
        (ln1): LayerNorm((384,), eps=1e-05, elementwise_affine=True)
        (ln2): LayerNorm((384,), eps=1e-05, elementwise_affine=True)
        (ln3): LayerNorm((384,), eps=1e-05, elementwise_affine=True)
        (ln4): LayerNorm((384,), eps=1e-05, elementwise_affine=True)
        (drop): Dropout(p=0.0, inplace=False)
      )
    )
    (norm): LayerNorm((384,), eps=1e-05, elementwise_affine=True)
  )
  (act_head): Linear(in_features=384, out_features=14, bias=True)
  (arm2_act_proj): Linear(in_features=14, out_features=384, bias=True)
  (arm2_proj): Linear(in_features=893, out_features=384, bias=True)
  (home_head): Sequential(
    (0): Linear(in_features=384, out_features=384, bias=True)
    (1): Tanh()
    (2): Linear(in_features=384, out_features=1, bias=True)
  )
  (cop_head): Sequential(
    (0): Linear(in_features=384, out_features=384, bias=True)
    (1): Tanh()
    (2): Linear(in_features=384, out_features=9, bias=True)
  )
  (film_gamma): Linear(in_features=90, out_features=384, bias=True)
  (film_beta): Linear(in_features=90, out_features=384, bias=True)
  (fourier_pe_proj): Linear(in_features=8, out_features=384, bias=True)
  (x0_refiner): TransformerEncoder(
    (layers): ModuleList(
      (0-1): 2 x TransformerEncoderLayer(
        (self_attn): MultiheadAttention(
          (out_proj): NonDynamicallyQuantizableLinear(in_features=384, out_features=384, bias=True)
        )
        (linear1): Linear(in_features=384, out_features=1536, bias=True)
        (dropout): Dropout(p=0.1, inplace=False)
        (linear2): Linear(in_features=1536, out_features=384, bias=True)
        (norm1): LayerNorm((384,), eps=1e-05, elementwise_affine=True)
        (norm2): LayerNorm((384,), eps=1e-05, elementwise_affine=True)
        (dropout1): Dropout(p=0.1, inplace=False)
        (dropout2): Dropout(p=0.1, inplace=False)
      )
    )
    (norm): LayerNorm((384,), eps=1e-05, elementwise_affine=True)
  )
  (x0_head): Linear(in_features=384, out_features=14, bias=True)
)
[3/4] Training...
Epoch   1/100: train_loss=1.9166  act=1.5386  home=0.3257  cop=0.2701  marg=0.0378  trans=0.0000  |  val_JS=0.0357  home_gap=0.0437  val_score=0.0575  lr=5.00e-05  grad_norm=6.464  (98s)
  NEW BEST saved (val_score=0.0575  val_JS=0.0357  home_gap=0.0437)
Epoch   2/100: train_loss=1.1559  act=0.9085  home=0.1982  cop=0.2230  marg=0.0216  trans=0.0000  |  val_JS=0.0537  home_gap=0.0657  val_score=0.0865  lr=5.00e-05  grad_norm=7.856  (98s)
Epoch   3/100: train_loss=0.8491  act=0.5590  home=0.2490  cop=0.2119  marg=0.0249  trans=0.0000  |  val_JS=0.0617  home_gap=0.0329  val_score=0.0781  lr=5.00e-05  grad_norm=4.778  (98s)
Epoch   4/100: train_loss=0.7498  act=0.4401  home=0.2719  cop=0.2081  marg=0.0251  trans=0.0000  |  val_JS=0.0494  home_gap=0.0803  val_score=0.0895  lr=5.00e-05  grad_norm=2.191  (98s)
Epoch   5/100: train_loss=0.7140  act=0.3987  home=0.2787  cop=0.2062  marg=0.0260  trans=0.0000  |  val_JS=0.0368  home_gap=0.0443  val_score=0.0589  lr=5.00e-05  grad_norm=1.606  (98s)
Epoch   6/100: train_loss=0.6954  act=0.3764  home=0.2832  cop=0.2045  marg=0.0273  trans=0.0000  |  val_JS=0.0359  home_gap=0.0530  val_score=0.0624  lr=5.00e-05  grad_norm=1.355  (98s)
Epoch   7/100: train_loss=0.6827  act=0.3656  home=0.2812  cop=0.2043  marg=0.0264  trans=0.0000  |  val_JS=0.0355  home_gap=0.0490  val_score=0.0600  lr=5.00e-05  grad_norm=1.171  (98s)
Epoch   8/100: train_loss=0.6693  act=0.3564  home=0.2772  cop=0.2028  marg=0.0260  trans=0.0000  |  val_JS=0.0432  home_gap=0.0547  val_score=0.0706  lr=4.75e-05  grad_norm=1.046  (98s)
Epoch   9/100: train_loss=0.6565  act=0.3483  home=0.2726  cop=0.2010  marg=0.0248  trans=0.0000  |  val_JS=0.0316  home_gap=0.0437  val_score=0.0534  lr=4.75e-05  grad_norm=1.021  (98s)
  NEW BEST saved (val_score=0.0534  val_JS=0.0316  home_gap=0.0437)
Epoch  10/100: train_loss=0.6484  act=0.3435  home=0.2694  cop=0.1997  marg=0.0252  trans=0.0000  |  val_JS=0.0430  home_gap=0.0799  val_score=0.0829  lr=4.75e-05  grad_norm=0.954  (98s)
Epoch  11/100: train_loss=0.6432  act=0.3407  home=0.2665  cop=0.2004  marg=0.0252  trans=0.0000  |  val_JS=0.0355  home_gap=0.0430  val_score=0.0570  lr=4.75e-05  grad_norm=0.937  (98s)
Epoch  12/100: train_loss=0.6385  act=0.3387  home=0.2641  cop=0.1985  marg=0.0256  trans=0.0000  |  val_JS=0.0358  home_gap=0.0605  val_score=0.0661  lr=4.75e-05  grad_norm=0.941  (98s)
Epoch  13/100: train_loss=0.6266  act=0.3306  home=0.2604  cop=0.1975  marg=0.0245  trans=0.0000  |  val_JS=0.0287  home_gap=0.0501  val_score=0.0538  lr=4.75e-05  grad_norm=0.916  (98s)
Epoch  14/100: train_loss=0.6255  act=0.3296  home=0.2602  cop=0.1978  marg=0.0243  trans=0.0000  |  val_JS=0.0294  home_gap=0.0562  val_score=0.0574  lr=4.75e-05  grad_norm=0.885  (98s)
Epoch  15/100: train_loss=0.6180  act=0.3252  home=0.2572  cop=0.1966  marg=0.0235  trans=0.0000  |  val_JS=0.0353  home_gap=0.0707  val_score=0.0707  lr=4.75e-05  grad_norm=0.851  (98s)
Epoch  16/100: train_loss=0.6179  act=0.3246  home=0.2572  cop=0.1979  marg=0.0240  trans=0.0000  |  val_JS=0.0301  home_gap=0.0559  val_score=0.0581  lr=4.51e-05  grad_norm=0.875  (98s)
Epoch  17/100: train_loss=0.6122  act=0.3178  home=0.2588  cop=0.1969  marg=0.0240  trans=0.0000  |  val_JS=0.0306  home_gap=0.0566  val_score=0.0589  lr=4.51e-05  grad_norm=0.867  (98s)
Epoch  18/100: train_loss=0.6134  act=0.3211  home=0.2568  cop=0.1959  marg=0.0240  trans=0.0000  |  val_JS=0.0340  home_gap=0.0365  val_score=0.0523  lr=4.51e-05  grad_norm=0.883  (98s)
  NEW BEST saved (val_score=0.0523  val_JS=0.0340  home_gap=0.0365)
Epoch  19/100: train_loss=0.6068  act=0.3175  home=0.2543  cop=0.1933  marg=0.0243  trans=0.0000  |  val_JS=0.0373  home_gap=0.0681  val_score=0.0713  lr=4.51e-05  grad_norm=0.905  (98s)
Epoch  20/100: train_loss=0.6071  act=0.3160  home=0.2557  cop=0.1952  marg=0.0239  trans=0.0000  |  val_JS=0.0331  home_gap=0.0526  val_score=0.0594  lr=4.51e-05  grad_norm=0.894  (98s)
Epoch  21/100: train_loss=0.6031  act=0.3152  home=0.2528  cop=0.1935  marg=0.0237  trans=0.0000  |  val_JS=0.0283  home_gap=0.0427  val_score=0.0497  lr=4.51e-05  grad_norm=0.898  (98s)
  NEW BEST saved (val_score=0.0497  val_JS=0.0283  home_gap=0.0427)
Epoch  22/100: train_loss=0.5997  act=0.3118  home=0.2530  cop=0.1929  marg=0.0235  trans=0.0000  |  val_JS=0.0296  home_gap=0.0456  val_score=0.0524  lr=4.51e-05  grad_norm=0.874  (98s)
Epoch  23/100: train_loss=0.5928  act=0.3090  home=0.2486  cop=0.1927  marg=0.0223  trans=0.0000  |  val_JS=0.0279  home_gap=0.0462  val_score=0.0510  lr=4.51e-05  grad_norm=0.839  (98s)
Epoch  24/100: train_loss=0.5922  act=0.3059  home=0.2515  cop=0.1918  marg=0.0235  trans=0.0000  |  val_JS=0.0314  home_gap=0.0552  val_score=0.0590  lr=4.51e-05  grad_norm=0.887  (98s)
Epoch  25/100: train_loss=0.5947  act=0.3067  home=0.2531  cop=0.1924  marg=0.0243  trans=0.0000  |  val_JS=0.0264  home_gap=0.0329  val_score=0.0428  lr=4.51e-05  grad_norm=0.914  (98s)
  NEW BEST saved (val_score=0.0428  val_JS=0.0264  home_gap=0.0329)
Epoch  26/100: train_loss=0.5894  act=0.3035  home=0.2507  cop=0.1933  marg=0.0233  trans=0.0000  |  val_JS=0.0372  home_gap=0.0682  val_score=0.0713  lr=4.51e-05  grad_norm=0.884  (98s)
Epoch  27/100: train_loss=0.5890  act=0.3025  home=0.2516  cop=0.1926  marg=0.0233  trans=0.0000  |  val_JS=0.0314  home_gap=0.0444  val_score=0.0536  lr=4.51e-05  grad_norm=0.888  (98s)
Epoch  28/100: train_loss=0.5887  act=0.3032  home=0.2505  cop=0.1923  marg=0.0234  trans=0.0000  |  val_JS=0.0263  home_gap=0.0592  val_score=0.0559  lr=4.51e-05  grad_norm=0.911  (98s)
Epoch  29/100: train_loss=0.5859  act=0.2990  home=0.2523  cop=0.1916  marg=0.0236  trans=0.0000  |  val_JS=0.0327  home_gap=0.0490  val_score=0.0572  lr=4.51e-05  grad_norm=0.924  (98s)
Epoch  30/100: train_loss=0.5861  act=0.2976  home=0.2538  cop=0.1921  marg=0.0244  trans=0.0000  |  val_JS=0.0277  home_gap=0.0386  val_score=0.0470  lr=4.51e-05  grad_norm=0.879  (98s)
Epoch  31/100: train_loss=0.5835  act=0.2981  home=0.2509  cop=0.1906  marg=0.0240  trans=0.0000  |  val_JS=0.0297  home_gap=0.0389  val_score=0.0492  lr=4.51e-05  grad_norm=0.973  (98s)
Epoch  32/100: train_loss=0.5718  act=0.2903  home=0.2475  cop=0.1884  marg=0.0230  trans=0.0000  |  val_JS=0.0226  home_gap=0.0287  val_score=0.0369  lr=4.29e-05  grad_norm=0.892  (98s)
  NEW BEST saved (val_score=0.0369  val_JS=0.0226  home_gap=0.0287)
Epoch  33/100: train_loss=0.5728  act=0.2901  home=0.2482  cop=0.1898  marg=0.0228  trans=0.0000  |  val_JS=0.0249  home_gap=0.0650  val_score=0.0574  lr=4.29e-05  grad_norm=0.883  (98s)
Epoch  34/100: train_loss=0.5742  act=0.2913  home=0.2487  cop=0.1894  marg=0.0230  trans=0.0000  |  val_JS=0.0300  home_gap=0.0498  val_score=0.0549  lr=4.29e-05  grad_norm=0.848  (98s)
Epoch  35/100: train_loss=0.5697  act=0.2866  home=0.2485  cop=0.1899  marg=0.0240  trans=0.0000  |  val_JS=0.0227  home_gap=0.0237  val_score=0.0345  lr=4.29e-05  grad_norm=0.949  (98s)
  NEW BEST saved (val_score=0.0345  val_JS=0.0227  home_gap=0.0237)
Epoch  36/100: train_loss=0.5697  act=0.2865  home=0.2491  cop=0.1890  marg=0.0236  trans=0.0000  |  val_JS=0.0314  home_gap=0.0481  val_score=0.0554  lr=4.29e-05  grad_norm=0.925  (98s)
Epoch  37/100: train_loss=0.5663  act=0.2838  home=0.2481  cop=0.1899  marg=0.0232  trans=0.0000  |  val_JS=0.0239  home_gap=0.0569  val_score=0.0524  lr=4.29e-05  grad_norm=0.890  (98s)
Epoch  38/100: train_loss=0.5651  act=0.2814  home=0.2498  cop=0.1884  marg=0.0235  trans=0.0000  |  val_JS=0.0248  home_gap=0.0573  val_score=0.0535  lr=4.29e-05  grad_norm=0.952  (98s)
Epoch  39/100: train_loss=0.5645  act=0.2826  home=0.2478  cop=0.1891  marg=0.0226  trans=0.0000  |  val_JS=0.0240  home_gap=0.0349  val_score=0.0414  lr=4.29e-05  grad_norm=0.871  (98s)
Epoch  40/100: train_loss=0.5622  act=0.2804  home=0.2476  cop=0.1888  marg=0.0228  trans=0.0000  |  val_JS=0.0238  home_gap=0.0323  val_score=0.0400  lr=4.29e-05  grad_norm=0.905  (98s)
Epoch  41/100: train_loss=0.5585  act=0.2753  home=0.2491  cop=0.1888  marg=0.0233  trans=0.0000  |  val_JS=0.0229  home_gap=0.0451  val_score=0.0455  lr=4.29e-05  grad_norm=0.914  (98s)
Epoch  42/100: train_loss=0.5565  act=0.2758  home=0.2465  cop=0.1885  marg=0.0226  trans=0.0000  |  val_JS=0.0239  home_gap=0.0347  val_score=0.0413  lr=4.07e-05  grad_norm=0.884  (98s)
Epoch  43/100: train_loss=0.5588  act=0.2752  home=0.2496  cop=0.1889  marg=0.0227  trans=0.0000  |  val_JS=0.0263  home_gap=0.0479  val_score=0.0503  lr=4.07e-05  grad_norm=0.866  (98s)
Epoch  44/100: train_loss=0.5516  act=0.2707  home=0.2468  cop=0.1884  marg=0.0222  trans=0.0000  |  val_JS=0.0261  home_gap=0.0425  val_score=0.0473  lr=4.07e-05  grad_norm=0.881  (98s)
Epoch  45/100: train_loss=0.5542  act=0.2706  home=0.2497  cop=0.1886  marg=0.0228  trans=0.0000  |  val_JS=0.0255  home_gap=0.0560  val_score=0.0535  lr=4.07e-05  grad_norm=0.872  (98s)
Epoch  46/100: train_loss=0.5507  act=0.2698  home=0.2468  cop=0.1881  marg=0.0230  trans=0.0000  |  val_JS=0.0257  home_gap=0.0391  val_score=0.0452  lr=4.07e-05  grad_norm=0.911  (98s)
Epoch  47/100: train_loss=0.5491  act=0.2669  home=0.2482  cop=0.1883  marg=0.0232  trans=0.0000  |  val_JS=0.0292  home_gap=0.0588  val_score=0.0587  lr=4.07e-05  grad_norm=0.925  (98s)
Epoch  48/100: train_loss=0.5457  act=0.2641  home=0.2473  cop=0.1891  marg=0.0232  trans=0.0000  |  val_JS=0.0218  home_gap=0.0414  val_score=0.0425  lr=3.87e-05  grad_norm=0.937  (98s)
Epoch  49/100: train_loss=0.5429  act=0.2609  home=0.2480  cop=0.1885  marg=0.0227  trans=0.0000  |  val_JS=0.0222  home_gap=0.0318  val_score=0.0381  lr=3.87e-05  grad_norm=0.878  (98s)
Epoch  50/100: train_loss=0.5428  act=0.2613  home=0.2476  cop=0.1877  marg=0.0230  trans=0.0000  |  val_JS=0.0219  home_gap=0.0478  val_score=0.0458  lr=3.87e-05  grad_norm=0.897  (98s)
  Early stopping at epoch 50 (no improvement for 15 epochs)

[4/4] Training complete. Best val_score=0.0345
  Best checkpoint: outputs_step4_full/MDLM_D3/checkpoints/best_model.pt
  Training log:    outputs_step4_full/MDLM_D3/step4_training_log.csv
=== MDLM_D3 TRAIN DONE ===
=== MDLM_D3 INFERENCE ===
============================================================
Step 4E — Inference  
============================================================
  data_dir:   outputs_step4_G2
  checkpoint: outputs_step4_full/MDLM_D3/checkpoints/best_model.pt
  output:     outputs_step4_full/MDLM_D3/augmented_diaries.csv
  temperature:    0.8
  home_threshold: 0.5
  Device: cuda

[1/4] Loading tensor datasets...
  Total respondents: 64061
  Metadata: (64061, 16)

[2/4] Loading model checkpoint...
  checkpoint (absolute): /nfs/speed-scratch/o_iseri/occModeling/outputs_step4_full/MDLM_D3/checkpoints/best_model.pt (131.8 MB)
  Loaded from epoch 34  val_JS=0.0226913006536224

[3/4] Generating synthetic diaries...
  Processed 256/64061 respondents (0.4%)
  Processed 512/64061 respondents (0.8%)
  Processed 768/64061 respondents (1.2%)
  Processed 1024/64061 respondents (1.6%)
  Processed 1280/64061 respondents (2.0%)
  Processed 1536/64061 respondents (2.4%)
  Processed 1792/64061 respondents (2.8%)
  Processed 2048/64061 respondents (3.2%)
  Processed 2304/64061 respondents (3.6%)
  Processed 2560/64061 respondents (4.0%)
  Processed 2816/64061 respondents (4.4%)
  Processed 3072/64061 respondents (4.8%)
  Processed 3328/64061 respondents (5.2%)
  Processed 3584/64061 respondents (5.6%)
  Processed 3840/64061 respondents (6.0%)
  Processed 4096/64061 respondents (6.4%)
  Processed 4352/64061 respondents (6.8%)
  Processed 4608/64061 respondents (7.2%)
  Processed 4864/64061 respondents (7.6%)
  Processed 5120/64061 respondents (8.0%)
  Processed 5376/64061 respondents (8.4%)
  Processed 5632/64061 respondents (8.8%)
  Processed 5888/64061 respondents (9.2%)
  Processed 6144/64061 respondents (9.6%)
  Processed 6400/64061 respondents (10.0%)
  Processed 6656/64061 respondents (10.4%)
  Processed 6912/64061 respondents (10.8%)
  Processed 7168/64061 respondents (11.2%)
  Processed 7424/64061 respondents (11.6%)
  Processed 7680/64061 respondents (12.0%)
  Processed 7936/64061 respondents (12.4%)
  Processed 8192/64061 respondents (12.8%)
  Processed 8448/64061 respondents (13.2%)
  Processed 8704/64061 respondents (13.6%)
  Processed 8960/64061 respondents (14.0%)
  Processed 9216/64061 respondents (14.4%)
  Processed 9472/64061 respondents (14.8%)
  Processed 9728/64061 respondents (15.2%)
  Processed 9984/64061 respondents (15.6%)
  Processed 10240/64061 respondents (16.0%)
  Processed 10496/64061 respondents (16.4%)
  Processed 10752/64061 respondents (16.8%)
  Processed 11008/64061 respondents (17.2%)
  Processed 11264/64061 respondents (17.6%)
  Processed 11520/64061 respondents (18.0%)
  Processed 11776/64061 respondents (18.4%)
  Processed 12032/64061 respondents (18.8%)
  Processed 12288/64061 respondents (19.2%)
  Processed 12544/64061 respondents (19.6%)
  Processed 12800/64061 respondents (20.0%)
  Processed 13056/64061 respondents (20.4%)
  Processed 13312/64061 respondents (20.8%)
  Processed 13568/64061 respondents (21.2%)
  Processed 13824/64061 respondents (21.6%)
  Processed 14080/64061 respondents (22.0%)
  Processed 14336/64061 respondents (22.4%)
  Processed 14592/64061 respondents (22.8%)
  Processed 14848/64061 respondents (23.2%)
  Processed 15104/64061 respondents (23.6%)
  Processed 15360/64061 respondents (24.0%)
  Processed 15616/64061 respondents (24.4%)
  Processed 15872/64061 respondents (24.8%)
  Processed 16128/64061 respondents (25.2%)
  Processed 16384/64061 respondents (25.6%)
  Processed 16640/64061 respondents (26.0%)
  Processed 16896/64061 respondents (26.4%)
  Processed 17152/64061 respondents (26.8%)
  Processed 17408/64061 respondents (27.2%)
  Processed 17664/64061 respondents (27.6%)
  Processed 17920/64061 respondents (28.0%)
  Processed 18176/64061 respondents (28.4%)
  Processed 18432/64061 respondents (28.8%)
  Processed 18688/64061 respondents (29.2%)
  Processed 18944/64061 respondents (29.6%)
  Processed 19200/64061 respondents (30.0%)
  Processed 19456/64061 respondents (30.4%)
  Processed 19712/64061 respondents (30.8%)
  Processed 19968/64061 respondents (31.2%)
  Processed 20224/64061 respondents (31.6%)
  Processed 20480/64061 respondents (32.0%)
  Processed 20736/64061 respondents (32.4%)
  Processed 20992/64061 respondents (32.8%)
  Processed 21248/64061 respondents (33.2%)
  Processed 21504/64061 respondents (33.6%)
  Processed 21760/64061 respondents (34.0%)
  Processed 22016/64061 respondents (34.4%)
  Processed 22272/64061 respondents (34.8%)
  Processed 22528/64061 respondents (35.2%)
  Processed 22784/64061 respondents (35.6%)
  Processed 23040/64061 respondents (36.0%)
  Processed 23296/64061 respondents (36.4%)
  Processed 23552/64061 respondents (36.8%)
  Processed 23808/64061 respondents (37.2%)
  Processed 24064/64061 respondents (37.6%)
  Processed 24320/64061 respondents (38.0%)
  Processed 24576/64061 respondents (38.4%)
  Processed 24832/64061 respondents (38.8%)
  Processed 25088/64061 respondents (39.2%)
  Processed 25344/64061 respondents (39.6%)
  Processed 25600/64061 respondents (40.0%)
  Processed 25856/64061 respondents (40.4%)
  Processed 26112/64061 respondents (40.8%)
  Processed 26368/64061 respondents (41.2%)
  Processed 26624/64061 respondents (41.6%)
  Processed 26880/64061 respondents (42.0%)
  Processed 27136/64061 respondents (42.4%)
  Processed 27392/64061 respondents (42.8%)
  Processed 27648/64061 respondents (43.2%)
  Processed 27904/64061 respondents (43.6%)
  Processed 28160/64061 respondents (44.0%)
  Processed 28416/64061 respondents (44.4%)
  Processed 28672/64061 respondents (44.8%)
  Processed 28928/64061 respondents (45.2%)
  Processed 29184/64061 respondents (45.6%)
  Processed 29440/64061 respondents (46.0%)
  Processed 29696/64061 respondents (46.4%)
  Processed 29952/64061 respondents (46.8%)
  Processed 30208/64061 respondents (47.2%)
  Processed 30464/64061 respondents (47.6%)
  Processed 30720/64061 respondents (48.0%)
  Processed 30976/64061 respondents (48.4%)
  Processed 31232/64061 respondents (48.8%)
  Processed 31488/64061 respondents (49.2%)
  Processed 31744/64061 respondents (49.6%)
  Processed 32000/64061 respondents (50.0%)
  Processed 32256/64061 respondents (50.4%)
  Processed 32512/64061 respondents (50.8%)
  Processed 32768/64061 respondents (51.2%)
  Processed 33024/64061 respondents (51.6%)
  Processed 33280/64061 respondents (52.0%)
  Processed 33536/64061 respondents (52.4%)
  Processed 33792/64061 respondents (52.7%)
  Processed 34048/64061 respondents (53.1%)
  Processed 34304/64061 respondents (53.5%)
  Processed 34560/64061 respondents (53.9%)
  Processed 34816/64061 respondents (54.3%)
  Processed 35072/64061 respondents (54.7%)
  Processed 35328/64061 respondents (55.1%)
  Processed 35584/64061 respondents (55.5%)
  Processed 35840/64061 respondents (55.9%)
  Processed 36096/64061 respondents (56.3%)
  Processed 36352/64061 respondents (56.7%)
  Processed 36608/64061 respondents (57.1%)
  Processed 36864/64061 respondents (57.5%)
  Processed 37120/64061 respondents (57.9%)
  Processed 37376/64061 respondents (58.3%)
  Processed 37632/64061 respondents (58.7%)
  Processed 37888/64061 respondents (59.1%)
  Processed 38144/64061 respondents (59.5%)
  Processed 38400/64061 respondents (59.9%)
  Processed 38656/64061 respondents (60.3%)
  Processed 38912/64061 respondents (60.7%)
  Processed 39168/64061 respondents (61.1%)
  Processed 39424/64061 respondents (61.5%)
  Processed 39680/64061 respondents (61.9%)
  Processed 39936/64061 respondents (62.3%)
  Processed 40192/64061 respondents (62.7%)
  Processed 40448/64061 respondents (63.1%)
  Processed 40704/64061 respondents (63.5%)
  Processed 40960/64061 respondents (63.9%)
  Processed 41216/64061 respondents (64.3%)
  Processed 41472/64061 respondents (64.7%)
  Processed 41728/64061 respondents (65.1%)
  Processed 41984/64061 respondents (65.5%)
  Processed 42240/64061 respondents (65.9%)
  Processed 42496/64061 respondents (66.3%)
  Processed 42752/64061 respondents (66.7%)
  Processed 43008/64061 respondents (67.1%)
  Processed 43264/64061 respondents (67.5%)
  Processed 43520/64061 respondents (67.9%)
  Processed 43776/64061 respondents (68.3%)
  Processed 44032/64061 respondents (68.7%)
  Processed 44288/64061 respondents (69.1%)
  Processed 44544/64061 respondents (69.5%)
  Processed 44800/64061 respondents (69.9%)
  Processed 45056/64061 respondents (70.3%)
  Processed 45312/64061 respondents (70.7%)
  Processed 45568/64061 respondents (71.1%)
  Processed 45824/64061 respondents (71.5%)
  Processed 46080/64061 respondents (71.9%)
  Processed 46336/64061 respondents (72.3%)
  Processed 46592/64061 respondents (72.7%)
  Processed 46848/64061 respondents (73.1%)
  Processed 47104/64061 respondents (73.5%)
  Processed 47360/64061 respondents (73.9%)
  Processed 47616/64061 respondents (74.3%)
  Processed 47872/64061 respondents (74.7%)
  Processed 48128/64061 respondents (75.1%)
  Processed 48384/64061 respondents (75.5%)
  Processed 48640/64061 respondents (75.9%)
  Processed 48896/64061 respondents (76.3%)
  Processed 49152/64061 respondents (76.7%)
  Processed 49408/64061 respondents (77.1%)
  Processed 49664/64061 respondents (77.5%)
  Processed 49920/64061 respondents (77.9%)
  Processed 50176/64061 respondents (78.3%)
  Processed 50432/64061 respondents (78.7%)
  Processed 50688/64061 respondents (79.1%)
  Processed 50944/64061 respondents (79.5%)
  Processed 51200/64061 respondents (79.9%)
  Processed 51456/64061 respondents (80.3%)
  Processed 51712/64061 respondents (80.7%)
  Processed 51968/64061 respondents (81.1%)
  Processed 52224/64061 respondents (81.5%)
  Processed 52480/64061 respondents (81.9%)
  Processed 52736/64061 respondents (82.3%)
  Processed 52992/64061 respondents (82.7%)
  Processed 53248/64061 respondents (83.1%)
  Processed 53504/64061 respondents (83.5%)
  Processed 53760/64061 respondents (83.9%)
  Processed 54016/64061 respondents (84.3%)
  Processed 54272/64061 respondents (84.7%)
  Processed 54528/64061 respondents (85.1%)
  Processed 54784/64061 respondents (85.5%)
  Processed 55040/64061 respondents (85.9%)
  Processed 55296/64061 respondents (86.3%)
  Processed 55552/64061 respondents (86.7%)
  Processed 55808/64061 respondents (87.1%)
  Processed 56064/64061 respondents (87.5%)
  Processed 56320/64061 respondents (87.9%)
  Processed 56576/64061 respondents (88.3%)
  Processed 56832/64061 respondents (88.7%)
  Processed 57088/64061 respondents (89.1%)
  Processed 57344/64061 respondents (89.5%)
  Processed 57600/64061 respondents (89.9%)
  Processed 57856/64061 respondents (90.3%)
  Processed 58112/64061 respondents (90.7%)
  Processed 58368/64061 respondents (91.1%)
  Processed 58624/64061 respondents (91.5%)
  Processed 58880/64061 respondents (91.9%)
  Processed 59136/64061 respondents (92.3%)
  Processed 59392/64061 respondents (92.7%)
  Processed 59648/64061 respondents (93.1%)
  Processed 59904/64061 respondents (93.5%)
  Processed 60160/64061 respondents (93.9%)
  Processed 60416/64061 respondents (94.3%)
  Processed 60672/64061 respondents (94.7%)
  Processed 60928/64061 respondents (95.1%)
  Processed 61184/64061 respondents (95.5%)
  Processed 61440/64061 respondents (95.9%)
  Processed 61696/64061 respondents (96.3%)
  Processed 61952/64061 respondents (96.7%)
  Processed 62208/64061 respondents (97.1%)
  Processed 62464/64061 respondents (97.5%)
  Processed 62720/64061 respondents (97.9%)
  Processed 62976/64061 respondents (98.3%)
  Processed 63232/64061 respondents (98.7%)
  Processed 63488/64061 respondents (99.1%)
  Processed 63744/64061 respondents (99.5%)
  Processed 64000/64061 respondents (99.9%)
  Processed 64061/64061 respondents (100.0%)

[4/4] Assembling augmented_diaries.csv...

  === AUGMENTED OUTPUT ===
  Shape: (192183, 545)
  IS_SYNTHETIC=0 (observed): 64061
  IS_SYNTHETIC=1 (synthetic): 128122
  Unique occIDs: 27389
  Rows per occID: [np.int64(3), np.int64(6), np.int64(9), np.int64(12)]

  === EXAMPLE RESPONDENT (occID=10727, CYCLE_YEAR=2005) ===
  Observed DDAY_STRATA: 1
  DDAY_STRATA=1.0 IS_SYNTHETIC=0.0  acts=[np.float64(5.0), np.float64(5.0), np.float64(5.0), np.float64(5.0), np.float64(5.0), np.float64(7.0), np.float64(2.0), np.float64(13.0), np.float64(1.0), np.float64(1.0)]...  home=[np.float64(1.0), np.float64(1.0), np.float64(1.0), np.float64(1.0), np.float64(1.0), np.float64(1.0), np.float64(1.0), np.float64(0.0), np.float64(0.0), np.float64(0.0)]...
  DDAY_STRATA=2.0 IS_SYNTHETIC=1.0  acts=[np.float64(5.0), np.float64(5.0), np.float64(5.0), np.float64(5.0), np.float64(5.0), np.float64(7.0), np.float64(6.0), np.float64(13.0), np.float64(1.0), np.float64(1.0)]...  home=[np.float64(1.0), np.float64(1.0), np.float64(1.0), np.float64(1.0), np.float64(1.0), np.float64(1.0), np.float64(1.0), np.float64(0.0), np.float64(0.0), np.float64(0.0)]...
  DDAY_STRATA=3.0 IS_SYNTHETIC=1.0  acts=[np.float64(5.0), np.float64(5.0), np.float64(5.0), np.float64(5.0), np.float64(5.0), np.float64(7.0), np.float64(6.0), np.float64(13.0), np.float64(1.0), np.float64(1.0)]...  home=[np.float64(1.0), np.float64(1.0), np.float64(1.0), np.float64(1.0), np.float64(1.0), np.float64(1.0), np.float64(1.0), np.float64(0.0), np.float64(0.0), np.float64(0.0)]...
  DDAY_STRATA=1.0 IS_SYNTHETIC=0.0  acts=[np.float64(5.0), np.float64(5.0), np.float64(5.0), np.float64(10.0), np.float64(11.0), np.float64(7.0), np.float64(7.0), np.float64(1.0), np.float64(1.0), np.float64(1.0)]...  home=[np.float64(1.0), np.float64(1.0), np.float64(1.0), np.float64(1.0), np.float64(1.0), np.float64(1.0), np.float64(1.0), np.float64(1.0), np.float64(0.0), np.float64(0.0)]...
  DDAY_STRATA=2.0 IS_SYNTHETIC=1.0  acts=[np.float64(5.0), np.float64(5.0), np.float64(5.0), np.float64(6.0), np.float64(2.0), np.float64(7.0), np.float64(2.0), np.float64(2.0), np.float64(1.0), np.float64(1.0)]...  home=[np.float64(1.0), np.float64(1.0), np.float64(1.0), np.float64(1.0), np.float64(1.0), np.float64(1.0), np.float64(1.0), np.float64(1.0), np.float64(0.0), np.float64(0.0)]...
  DDAY_STRATA=3.0 IS_SYNTHETIC=1.0  acts=[np.float64(5.0), np.float64(5.0), np.float64(5.0), np.float64(6.0), np.float64(2.0), np.float64(7.0), np.float64(2.0), np.float64(2.0), np.float64(1.0), np.float64(1.0)]...  home=[np.float64(1.0), np.float64(1.0), np.float64(1.0), np.float64(1.0), np.float64(1.0), np.float64(1.0), np.float64(1.0), np.float64(1.0), np.float64(0.0), np.float64(0.0)]...
  DDAY_STRATA=1.0 IS_SYNTHETIC=0.0  acts=[np.float64(5.0), np.float64(5.0), np.float64(5.0), np.float64(7.0), np.float64(13.0), np.float64(1.0), np.float64(1.0), np.float64(1.0), np.float64(1.0), np.float64(1.0)]...  home=[np.float64(0.0), np.float64(0.0), np.float64(0.0), np.float64(0.0), np.float64(0.0), np.float64(0.0), np.float64(0.0), np.float64(0.0), np.float64(0.0), np.float64(0.0)]...
  DDAY_STRATA=2.0 IS_SYNTHETIC=1.0  acts=[np.float64(1.0), np.float64(1.0), np.float64(1.0), np.float64(1.0), np.float64(1.0), np.float64(1.0), np.float64(1.0), np.float64(1.0), np.float64(1.0), np.float64(1.0)]...  home=[np.float64(0.0), np.float64(0.0), np.float64(0.0), np.float64(0.0), np.float64(0.0), np.float64(0.0), np.float64(0.0), np.float64(0.0), np.float64(0.0), np.float64(0.0)]...
  DDAY_STRATA=3.0 IS_SYNTHETIC=1.0  acts=[np.float64(1.0), np.float64(1.0), np.float64(1.0), np.float64(1.0), np.float64(1.0), np.float64(1.0), np.float64(1.0), np.float64(1.0), np.float64(1.0), np.float64(1.0)]...  home=[np.float64(0.0), np.float64(0.0), np.float64(0.0), np.float64(0.0), np.float64(0.0), np.float64(0.0), np.float64(0.0), np.float64(0.0), np.float64(0.0), np.float64(0.0)]...
  DDAY_STRATA=1.0 IS_SYNTHETIC=0.0  acts=[np.float64(5.0), np.float64(5.0), np.float64(5.0), np.float64(5.0), np.float64(5.0), np.float64(5.0), np.float64(5.0), np.float64(5.0), np.float64(7.0), np.float64(6.0)]...  home=[np.float64(1.0), np.float64(1.0), np.float64(1.0), np.float64(1.0), np.float64(1.0), np.float64(1.0), np.float64(1.0), np.float64(1.0), np.float64(1.0), np.float64(1.0)]...
  DDAY_STRATA=2.0 IS_SYNTHETIC=1.0  acts=[np.float64(5.0), np.float64(5.0), np.float64(5.0), np.float64(5.0), np.float64(5.0), np.float64(5.0), np.float64(5.0), np.float64(5.0), np.float64(6.0), np.float64(6.0)]...  home=[np.float64(1.0), np.float64(1.0), np.float64(1.0), np.float64(1.0), np.float64(1.0), np.float64(1.0), np.float64(1.0), np.float64(1.0), np.float64(1.0), np.float64(1.0)]...
  DDAY_STRATA=3.0 IS_SYNTHETIC=1.0  acts=[np.float64(5.0), np.float64(5.0), np.float64(5.0), np.float64(5.0), np.float64(5.0), np.float64(5.0), np.float64(5.0), np.float64(5.0), np.float64(6.0), np.float64(6.0)]...  home=[np.float64(1.0), np.float64(1.0), np.float64(1.0), np.float64(1.0), np.float64(1.0), np.float64(1.0), np.float64(1.0), np.float64(1.0), np.float64(1.0), np.float64(1.0)]...
  ✓ colleagues = 0 for all 2005/2010 synthetic rows

✓ 04E complete. Saved outputs_step4_full/MDLM_D3/augmented_diaries.csv
  Total rows: 192183 (expect 192183)
=== MDLM_D3 INFERENCE DONE ===
=== MDLM_D3 AT_HOME DIAGNOSTICS ===
============================================================
Step 4H — AT_HOME Bias Diagnostics  
============================================================
  data_dir  : outputs_step4_full/MDLM_D3
  step3_dir : outputs_step3
  output    : outputs_step4_full/MDLM_D3/diagnostics_H_MDLM_D3.json
  hetus path: outputs_step3/hetus_30min.csv
  ERROR: step4_train.pt or training_pairs.pt missing in outputs_step4_full/MDLM_D3

[T1] Training-pair target AT_HOME...
     SKIPPED — inputs missing

[T2] Post-hoc rule contribution...
     mean gap closure (non-night vs all) = +2.87 pp   verdict = H2_small_contributor

[T3] Per-slot trajectory...
     morning = -0.55 pp | midday = -5.37 | evening = -0.60
     afternoon+evening = -2.56 pp | night = +1.19
     slot_of_max_gap = 23  max_gap = -5.93 pp  range = 8.62
     verdict = H3_not_dominant

[T6] Observed AT_HOME sanity...
     any_implausible = False  flagged cells = 0

============================================================
04H DIAGNOSTIC SUMMARY
============================================================
   H1: unknown                   [FLAG]
   H2: H2_small_contributor      [WARN]
   H3: H3_not_dominant           [WARN]
   H5: H5_rejected               [PASS]

  RECOMMENDATION -> SKIP_GPU
  JSON: outputs_step4_full/MDLM_D3/diagnostics_H_MDLM_D3.json
============================================================
=== MDLM_D3 ACTIVITY+COP DIAGNOSTICS ===
  data_dir  = outputs_step4_full/MDLM_D3
  step3_dir = outputs_step3
  out_json  = outputs_step4_full/MDLM_D3/diagnostics_I_MDLM_D3.json
  rows: aug=192183  syn=128122  obs=64061  obs_cop=64061
  [activity] computing per-CS JS + top-1 agreement ...
    verdict = activity_fail  overall_js_mean = 0.06328212272206409
  [copresence] computing per-channel prevalence gaps ...
    verdict = copresence_partial  max_gap_pp = 4.606335146709189
  wrote outputs_step4_full/MDLM_D3/diagnostics_I_MDLM_D3.json
=== MDLM_D3 COMPOSITE SCORE ===
============================================================
Step 4J — Statistical Diagnostic Battery
============================================================
  data_dir    = outputs_step4_full/MDLM_D3
  step3_dir   = outputs_step3
  out_json    = outputs_step4_full/MDLM_D3/diagnostics_MDLM_D3.json
  n_bootstrap = 1000
  rows: aug=192183  obs=64061  syn=128122

[T1] Bootstrap CIs ...
  * Alone        gap=+4.6 pp  CI=[+4.3, +4.9]
  * Spouse       gap=-1.0 pp  CI=[-1.3, -0.8]
  * Children     gap=+1.9 pp  CI=[+1.7, +2.0]
  * parents      gap=+0.6 pp  CI=[+0.6, +0.7]
  * friends      gap=+0.8 pp  CI=[+0.7, +0.9]
  * others       gap=+0.3 pp  CI=[+0.2, +0.5]
  * colleagues   gap=-4.0 pp  CI=[-4.2, -3.8]
  * AT_HOME      gap=-2.0 pp  CI=[-2.2, -1.8]

[T2] Calibration curves ...
  [Alone]  calibration MAE = 0.0702
  [Spouse]  calibration MAE = 0.0820
  [Children]  calibration MAE = 0.0666
  [parents]  calibration MAE = 0.0477
  [friends]  calibration MAE = 0.0416
  [others]  calibration MAE = 0.0195
  [colleagues]  calibration MAE = 0.0535
  [AT_HOME] calibration MAE = 0.1675

[T3] Joint distributions ...
  activity_x_at_home [obs]  V=0.2161
  activity_x_at_home [syn]  V=0.2663
  activity_x_alone [obs]  V=0.0906
  activity_x_alone [syn]  V=0.0898
  alone_x_at_home [obs]  V=0.0666
  alone_x_at_home [syn]  V=0.2226

[T4] χ²/KS tests ...
  χ² (activity): 6/12 cells reject H₀ at α=2.98e-04
  KS (AT_HOME/Alone): 12/12 cells reject H₀

[T5] Composite score ...
  AT_HOME gap RMS:   7.30 pp
  COP max gap:       4.61 pp
  Activity JS mean:  0.0633
  COP cal MAE mean:  0.0544
  Composite score S: 0.5832  (lower=better)

  wrote outputs_step4_full/MDLM_D3/diagnostics_MDLM_D3.json

✓ 04J complete.  Composite score S = 0.5832
=== MDLM_D3 DONE: check outputs_step4_full/MDLM_D3/diagnostics_MDLM_D3.json ===
