============================================================
Step 6 Longitudinal Forecasting — stage=B4 (Phase 4 resume)
Start: Tue May 19 08:09:26 AM EDT 2026
============================================================
Device: cuda
Loading /nfs/speed-scratch/o_iseri/occModeling/2J_docs_occ_nTemp/outputs_step4/augmented_diaries.csv ...
Loaded 192,183 rows x 545 cols

============================================================
SUB-STEP 6A — Input Audit
============================================================
[PASS] Row count: 192,183 (expected ~192,183 ±10)
[PASS] CYCLE_YEAR in [np.int64(2005), np.int64(2010), np.int64(2015), np.int64(2022)]
  Per-cycle counts:
    2005: 57,663
    2010: 45,342
    2015: 52,170
    2022: 37,008
[PASS] DDAY_STRATA in [np.int64(1), np.int64(2), np.int64(3)]
  Per-cycle × per-stratum counts:
    2005 / strata=1: 19,221
    2005 / strata=2: 19,221
    2005 / strata=3: 19,221
    2010 / strata=1: 15,114
    2010 / strata=2: 15,114
    2010 / strata=3: 15,114
    2015 / strata=1: 17,390
    2015 / strata=2: 17,390
    2015 / strata=3: 17,390
    2022 / strata=1: 12,336
    2022 / strata=2: 12,336
    2022 / strata=3: 12,336
[PASS] IS_SYNTHETIC column present
  IS_SYNTHETIC per cycle:
    2005 / IS_SYNTHETIC=0 (observed): 19,221
    2005 / IS_SYNTHETIC=1 (synthetic): 38,442
    2010 / IS_SYNTHETIC=0 (observed): 15,114
    2010 / IS_SYNTHETIC=1 (synthetic): 30,228
    2015 / IS_SYNTHETIC=0 (observed): 17,390
    2015 / IS_SYNTHETIC=1 (synthetic): 34,780
    2022 / IS_SYNTHETIC=0 (observed): 12,336
    2022 / IS_SYNTHETIC=1 (synthetic): 24,672
[PASS] All 96 act30/hom30 columns present
[PASS] act30 range: [1, 14] (expected [1, 14])
[PASS] hom30 values: [np.int64(0), np.int64(1)] (expected {0, 1})

AT_HOME mean per cycle (weekday only, DDAY_STRATA=1):
  2005: 66.9%  (expected ~62.7%,  diff=+4.2pp)
  2010: 68.2%  (expected ~62.3%,  diff=+5.9pp)
  2015: 69.3%  (expected ~64.5%,  diff=+4.8pp)
  2022: 74.2%  (expected ~70.6%,  diff=+3.6pp)

==================================================
6A AUDIT: 7/7 checks passed

============================================================
SUB-STAGE B4 — Phase 4 resume from W_2015_ft.pt
============================================================

--- Phase 4: all 4 cycles → W_2022_ft (weekend up-weighted, resumed) ---
  hom_weight_2022=1.0 (Phase 3 AT_HOME_CHECK PASSED in prior run)
Loaded W_2015_ft.pt (val_JS=0.1316)
  train=134,528  val=38,455
   Epoch    train_loss    val_JS
       1        0.4493    0.1348
       2        0.4474    0.1297
       3        0.4458    0.1360
       4        0.4442    0.1283
       5        0.4425    0.1383
       6        0.4409    0.1391
       7        0.4393    0.1333
       8        0.4377    0.1342
       9        0.4360    0.1259
      10        0.4344    0.1307
      11        0.4327    0.1361
      12        0.4311    0.1309
      13        0.4294    0.1309
      14        0.4277    0.1348
  Early stop at epoch 14 (patience=5)

AT_HOME verification on W_2022_ft ...
[AT_HOME_FINAL] obs_2022_wd=0.742  pred_2022_wd=0.747
[AT_HOME_FINAL] PASS — suppression=-0.5pp (threshold <=5pp)
Saved W_2022_ft.pt (val_JS=0.1259)

[SUBSTAGE_B_COMPLETE] W_2022_ft val_JS=0.1259
============================================================
Step 6 Sub-stage B4 COMPLETE — Tue May 19 03:12:39 PM EDT 2026
============================================================
