============================================================
J2 full run: MODEL_TYPE=J2  DATA_DIR=outputs_step4_G1
PY_ARGS:  --batch_size 256 --max_epochs 100 --patience 15 --lr 5e-05 --d_model 384 --n_heads 8 --n_enc_layers 6 --n_dec_layers 6
============================================================
============================================================
Step 4D — Training  
============================================================
  data_dir:       outputs_step4_G1
  output_dir:     outputs_step4_J2
  checkpoint_dir: outputs_step4_J2/checkpoints
  batch_size=256  max_epochs=100  patience=15  lr=5e-05  fp16=False
  checkpoint_dir (absolute): /nfs/speed-scratch/o_iseri/occModeling/outputs_step4_J2/checkpoints
  AUX_STRATUM_HEAD=False  COP_POS_WEIGHT=0  ACTIVITY_BOOSTS=1  DATA_SIDE_SAMPLING=0  MARG_MODE=global  AUX_STRATUM_LAMBDA=0.1  SPOUSE_NEG_WEIGHT=0.45
  Device: cuda
[1/4] Loading datasets and pairs...
  Train pairs: 141270 | Val respondents: 9609
  Activity class weights (inv-sqrt-freq, ACTIVITY_BOOSTS=1):
    class  0: 2.174
    class  1: 0.517
    class  2: 1.072
    class  3: 1.110
    class  4: 0.261
    class  5: 0.752
    class  6: 0.892
    class  7: 1.355
    class  8: 1.473
    class  9: 0.406
    class 10: 1.161
    class 11: 1.782
    class 12: 2.341
    class 13: 2.742
  AT_HOME observed rate: 0.7250  pos_weight: disabled
  Marginal-bias loss weight: LAMBDA_MARG=0.1  MARG_MODE=global
  COP pos_weight: disabled (COP_POS_WEIGHT=0)
  SPOUSE_NEG_WEIGHT=0.45: Spouse (idx 1) cop pos_weight overridden
[2/4] Building model...
  Parameters: 29,102,936
JSeriesHybrid(
  (act_embedding): Embedding(14, 32)
  (slot_linear): Linear(in_features=42, out_features=384, bias=True)
  (cycle_embedding): Embedding(4, 32)
  (cls_mlp): Sequential(
    (0): Linear(in_features=109, out_features=256, bias=True)
    (1): GELU(approximate='none')
    (2): Linear(in_features=256, out_features=384, bias=True)
  )
  (arm1_slot_proj): Linear(in_features=32, out_features=384, bias=True)
  (encoder): TransformerEncoder(
    (layers): ModuleList(
      (0-5): 6 x TransformerEncoderLayer(
        (self_attn): MultiheadAttention(
          (out_proj): NonDynamicallyQuantizableLinear(in_features=384, out_features=384, bias=True)
        )
        (linear1): Linear(in_features=384, out_features=1536, bias=True)
        (dropout): Dropout(p=0.1, inplace=False)
        (linear2): Linear(in_features=1536, out_features=384, bias=True)
        (norm1): LayerNorm((384,), eps=1e-05, elementwise_affine=True)
        (norm2): LayerNorm((384,), eps=1e-05, elementwise_affine=True)
        (dropout1): Dropout(p=0.1, inplace=False)
        (dropout2): Dropout(p=0.1, inplace=False)
      )
    )
    (norm): LayerNorm((384,), eps=1e-05, elementwise_affine=True)
  )
  (arm1_decoder): CrossAttnDecoder(
    (proj_demo): Linear(in_features=77, out_features=384, bias=True)
    (proj_cycle): Linear(in_features=32, out_features=384, bias=True)
    (proj_strata): Linear(in_features=3, out_features=384, bias=True)
    (layers): ModuleList(
      (0-5): 6 x CondCrossAttnDecoderLayer(
        (self_attn): MultiheadAttention(
          (out_proj): NonDynamicallyQuantizableLinear(in_features=384, out_features=384, bias=True)
        )
        (cross_mem): MultiheadAttention(
          (out_proj): NonDynamicallyQuantizableLinear(in_features=384, out_features=384, bias=True)
        )
        (cross_cond): MultiheadAttention(
          (out_proj): NonDynamicallyQuantizableLinear(in_features=384, out_features=384, bias=True)
        )
        (ffn): Sequential(
          (0): Linear(in_features=384, out_features=1536, bias=True)
          (1): GELU(approximate='none')
          (2): Linear(in_features=1536, out_features=384, bias=True)
        )
        (ln1): LayerNorm((384,), eps=1e-05, elementwise_affine=True)
        (ln2): LayerNorm((384,), eps=1e-05, elementwise_affine=True)
        (ln3): LayerNorm((384,), eps=1e-05, elementwise_affine=True)
        (ln4): LayerNorm((384,), eps=1e-05, elementwise_affine=True)
        (drop): Dropout(p=0.0, inplace=False)
      )
    )
    (norm): LayerNorm((384,), eps=1e-05, elementwise_affine=True)
  )
  (act_head): Linear(in_features=384, out_features=14, bias=True)
  (arm2_proj): Linear(in_features=510, out_features=384, bias=True)
  (home_head): Sequential(
    (0): Linear(in_features=384, out_features=384, bias=True)
    (1): Tanh()
    (2): Linear(in_features=384, out_features=1, bias=True)
  )
  (cop_head): Sequential(
    (0): Linear(in_features=384, out_features=384, bias=True)
    (1): Tanh()
    (2): Linear(in_features=384, out_features=9, bias=True)
  )
)
[3/4] Training...
Epoch   1/100: train_loss=2.0574  act=1.5047  home=0.5201  cop=0.2749  marg=0.0215  |  val_JS=0.3130  home_gap=0.1237  val_score=0.3749  lr=5.00e-05  grad_norm=6.290  (656s)
  ✓ New best model saved (val_score=0.3749  val_JS=0.3130  home_gap=0.1237)
Epoch   2/100: train_loss=1.4010  act=0.9191  home=0.4524  cop=0.2425  marg=0.0203  |  val_JS=0.2950  home_gap=0.2176  val_score=0.4038  lr=5.00e-05  grad_norm=5.092  (655s)
Epoch   3/100: train_loss=1.3131  act=0.8604  home=0.4245  cop=0.2297  marg=0.0174  |  val_JS=0.2423  home_gap=0.2273  val_score=0.3560  lr=5.00e-05  grad_norm=3.075  (656s)
  ✓ New best model saved (val_score=0.3560  val_JS=0.2423  home_gap=0.2273)
Epoch   4/100: train_loss=1.2893  act=0.8438  home=0.4187  cop=0.2231  marg=0.0169  |  val_JS=0.2417  home_gap=0.1935  val_score=0.3385  lr=5.00e-05  grad_norm=2.440  (657s)
  ✓ New best model saved (val_score=0.3385  val_JS=0.2417  home_gap=0.1935)
Epoch   5/100: train_loss=1.2750  act=0.8321  home=0.4172  cop=0.2184  marg=0.0193  |  val_JS=0.2195  home_gap=0.2125  val_score=0.3257  lr=5.00e-05  grad_norm=2.194  (657s)
  ✓ New best model saved (val_score=0.3257  val_JS=0.2195  home_gap=0.2125)
Epoch   6/100: train_loss=1.2617  act=0.8222  home=0.4144  cop=0.2168  marg=0.0154  |  val_JS=0.2040  home_gap=0.1851  val_score=0.2965  lr=5.00e-05  grad_norm=1.874  (656s)
  ✓ New best model saved (val_score=0.2965  val_JS=0.2040  home_gap=0.1851)
Epoch   7/100: train_loss=1.2562  act=0.8160  home=0.4160  cop=0.2142  marg=0.0159  |  val_JS=0.2230  home_gap=0.1790  val_score=0.3125  lr=5.00e-05  grad_norm=1.774  (656s)
Epoch   8/100: train_loss=1.2430  act=0.8052  home=0.4137  cop=0.2132  marg=0.0151  |  val_JS=0.2088  home_gap=0.1545  val_score=0.2861  lr=5.00e-05  grad_norm=1.674  (657s)
  ✓ New best model saved (val_score=0.2861  val_JS=0.2088  home_gap=0.1545)
Epoch   9/100: train_loss=1.2304  act=0.7935  home=0.4130  cop=0.2122  marg=0.0154  |  val_JS=0.1898  home_gap=0.1845  val_score=0.2820  lr=5.00e-05  grad_norm=1.672  (653s)
  ✓ New best model saved (val_score=0.2820  val_JS=0.1898  home_gap=0.1845)
Epoch  10/100: train_loss=1.2111  act=0.7760  home=0.4117  cop=0.2107  marg=0.0134  |  val_JS=0.1770  home_gap=0.1885  val_score=0.2713  lr=5.00e-05  grad_norm=1.607  (652s)
  ✓ New best model saved (val_score=0.2713  val_JS=0.1770  home_gap=0.1885)
Epoch  11/100: train_loss=1.1915  act=0.7583  home=0.4098  cop=0.2099  marg=0.0144  |  val_JS=0.1347  home_gap=0.1488  val_score=0.2091  lr=5.00e-05  grad_norm=1.653  (653s)
  ✓ New best model saved (val_score=0.2091  val_JS=0.1347  home_gap=0.1488)
Epoch  12/100: train_loss=1.1683  act=0.7360  home=0.4091  cop=0.2092  marg=0.0125  |  val_JS=0.1497  home_gap=0.1229  val_score=0.2112  lr=5.00e-05  grad_norm=1.698  (655s)
Epoch  13/100: train_loss=1.1403  act=0.7097  home=0.4075  cop=0.2085  marg=0.0125  |  val_JS=0.1521  home_gap=0.1427  val_score=0.2235  lr=5.00e-05  grad_norm=1.781  (656s)
Epoch  14/100: train_loss=1.1106  act=0.6800  home=0.4076  cop=0.2082  marg=0.0126  |  val_JS=0.1166  home_gap=0.1719  val_score=0.2025  lr=5.00e-05  grad_norm=1.863  (658s)
  ✓ New best model saved (val_score=0.2025  val_JS=0.1166  home_gap=0.1719)
Epoch  15/100: train_loss=1.0788  act=0.6505  home=0.4053  cop=0.2072  marg=0.0130  |  val_JS=0.1030  home_gap=0.1018  val_score=0.1539  lr=5.00e-05  grad_norm=1.950  (659s)
  ✓ New best model saved (val_score=0.1539  val_JS=0.1030  home_gap=0.1018)
Epoch  16/100: train_loss=1.0438  act=0.6178  home=0.4030  cop=0.2068  marg=0.0130  |  val_JS=0.0968  home_gap=0.0984  val_score=0.1460  lr=5.00e-05  grad_norm=2.062  (659s)
  ✓ New best model saved (val_score=0.1460  val_JS=0.0968  home_gap=0.0984)
Epoch  17/100: train_loss=1.0125  act=0.5888  home=0.4010  cop=0.2053  marg=0.0121  |  val_JS=0.0653  home_gap=0.0858  val_score=0.1082  lr=5.00e-05  grad_norm=2.084  (659s)
  ✓ New best model saved (val_score=0.1082  val_JS=0.0653  home_gap=0.0858)
Epoch  18/100: train_loss=0.9831  act=0.5593  home=0.4011  cop=0.2058  marg=0.0112  |  val_JS=0.0839  home_gap=0.0729  val_score=0.1204  lr=5.00e-05  grad_norm=2.150  (658s)
Epoch  19/100: train_loss=0.9513  act=0.5303  home=0.3981  cop=0.2048  marg=0.0125  |  val_JS=0.0561  home_gap=0.0899  val_score=0.1011  lr=5.00e-05  grad_norm=2.216  (659s)
  ✓ New best model saved (val_score=0.1011  val_JS=0.0561  home_gap=0.0899)
Epoch  20/100: train_loss=0.9223  act=0.5041  home=0.3951  cop=0.2046  marg=0.0121  |  val_JS=0.0521  home_gap=0.0752  val_score=0.0897  lr=5.00e-05  grad_norm=2.226  (659s)
  ✓ New best model saved (val_score=0.0897  val_JS=0.0521  home_gap=0.0752)
Epoch  21/100: train_loss=0.8937  act=0.4774  home=0.3933  cop=0.2041  marg=0.0109  |  val_JS=0.0359  home_gap=0.1138  val_score=0.0928  lr=5.00e-05  grad_norm=2.278  (659s)
Epoch  22/100: train_loss=0.8672  act=0.4517  home=0.3925  cop=0.2036  marg=0.0123  |  val_JS=0.0308  home_gap=0.0902  val_score=0.0759  lr=5.00e-05  grad_norm=2.288  (659s)
  ✓ New best model saved (val_score=0.0759  val_JS=0.0308  home_gap=0.0902)
Epoch  23/100: train_loss=0.8436  act=0.4302  home=0.3902  cop=0.2037  marg=0.0113  |  val_JS=0.0307  home_gap=0.1019  val_score=0.0816  lr=5.00e-05  grad_norm=2.314  (658s)
Epoch  24/100: train_loss=0.8224  act=0.4094  home=0.3903  cop=0.2020  marg=0.0106  |  val_JS=0.0258  home_gap=0.0815  val_score=0.0665  lr=5.00e-05  grad_norm=2.310  (656s)
  ✓ New best model saved (val_score=0.0665  val_JS=0.0258  home_gap=0.0815)
Epoch  25/100: train_loss=0.7975  act=0.3874  home=0.3870  cop=0.2023  marg=0.0115  |  val_JS=0.0267  home_gap=0.1029  val_score=0.0781  lr=5.00e-05  grad_norm=2.343  (658s)
Epoch  26/100: train_loss=0.7750  act=0.3673  home=0.3848  cop=0.2010  marg=0.0105  |  val_JS=0.0226  home_gap=0.0756  val_score=0.0604  lr=5.00e-05  grad_norm=2.314  (658s)
  ✓ New best model saved (val_score=0.0604  val_JS=0.0226  home_gap=0.0756)
Epoch  27/100: train_loss=0.7561  act=0.3490  home=0.3842  cop=0.2009  marg=0.0106  |  val_JS=0.0254  home_gap=0.0953  val_score=0.0730  lr=5.00e-05  grad_norm=2.310  (657s)
Epoch  28/100: train_loss=0.7383  act=0.3328  home=0.3821  cop=0.2018  marg=0.0099  |  val_JS=0.0176  home_gap=0.0588  val_score=0.0470  lr=5.00e-05  grad_norm=2.325  (657s)
  ✓ New best model saved (val_score=0.0470  val_JS=0.0176  home_gap=0.0588)
Epoch  29/100: train_loss=0.7178  act=0.3146  home=0.3801  cop=0.2002  marg=0.0105  |  val_JS=0.0143  home_gap=0.0402  val_score=0.0344  lr=5.00e-05  grad_norm=2.296  (657s)
  ✓ New best model saved (val_score=0.0344  val_JS=0.0143  home_gap=0.0402)
Epoch  30/100: train_loss=0.7057  act=0.3015  home=0.3812  cop=0.2003  marg=0.0105  |  val_JS=0.0125  home_gap=0.0516  val_score=0.0383  lr=5.00e-05  grad_norm=2.294  (657s)
Epoch  31/100: train_loss=0.6908  act=0.2873  home=0.3803  cop=0.2005  marg=0.0102  |  val_JS=0.0144  home_gap=0.0607  val_score=0.0447  lr=5.00e-05  grad_norm=2.282  (657s)
Epoch  32/100: train_loss=0.6747  act=0.2732  home=0.3784  cop=0.1999  marg=0.0099  |  val_JS=0.0147  home_gap=0.0756  val_score=0.0525  lr=5.00e-05  grad_norm=2.270  (657s)
Epoch  33/100: train_loss=0.6599  act=0.2593  home=0.3776  cop=0.1993  marg=0.0107  |  val_JS=0.0147  home_gap=0.0754  val_score=0.0524  lr=5.00e-05  grad_norm=2.237  (657s)
Epoch  34/100: train_loss=0.6467  act=0.2490  home=0.3744  cop=0.1991  marg=0.0096  |  val_JS=0.0151  home_gap=0.0572  val_score=0.0437  lr=5.00e-05  grad_norm=2.218  (657s)
Epoch  35/100: train_loss=0.6374  act=0.2383  home=0.3758  cop=0.1993  marg=0.0110  |  val_JS=0.0066  home_gap=0.0425  val_score=0.0279  lr=5.00e-05  grad_norm=2.220  (657s)
  ✓ New best model saved (val_score=0.0279  val_JS=0.0066  home_gap=0.0425)
Epoch  36/100: train_loss=0.6273  act=0.2282  home=0.3760  cop=0.1990  marg=0.0104  |  val_JS=0.0076  home_gap=0.0252  val_score=0.0202  lr=5.00e-05  grad_norm=2.199  (658s)
  ✓ New best model saved (val_score=0.0202  val_JS=0.0076  home_gap=0.0252)
Epoch  37/100: train_loss=0.6156  act=0.2177  home=0.3750  cop=0.1978  marg=0.0102  |  val_JS=0.0098  home_gap=0.0450  val_score=0.0323  lr=5.00e-05  grad_norm=2.162  (657s)
Epoch  38/100: train_loss=0.6055  act=0.2095  home=0.3731  cop=0.1978  marg=0.0092  |  val_JS=0.0079  home_gap=0.0441  val_score=0.0300  lr=5.00e-05  grad_norm=2.150  (657s)
Epoch  39/100: train_loss=0.5953  act=0.2005  home=0.3716  cop=0.1981  marg=0.0101  |  val_JS=0.0083  home_gap=0.0298  val_score=0.0232  lr=5.00e-05  grad_norm=2.131  (658s)
Epoch  40/100: train_loss=0.5878  act=0.1933  home=0.3711  cop=0.1982  marg=0.0101  |  val_JS=0.0065  home_gap=0.0354  val_score=0.0242  lr=5.00e-05  grad_norm=2.102  (658s)
Epoch  41/100: train_loss=0.5783  act=0.1845  home=0.3703  cop=0.1984  marg=0.0094  |  val_JS=0.0082  home_gap=0.0350  val_score=0.0258  lr=5.00e-05  grad_norm=2.038  (657s)
Epoch  42/100: train_loss=0.5721  act=0.1780  home=0.3709  cop=0.1975  marg=0.0100  |  val_JS=0.0067  home_gap=0.0327  val_score=0.0230  lr=5.00e-05  grad_norm=2.037  (658s)
Epoch  43/100: train_loss=0.5595  act=0.1682  home=0.3682  cop=0.1969  marg=0.0087  |  val_JS=0.0060  home_gap=0.0277  val_score=0.0199  lr=4.75e-05  grad_norm=1.956  (656s)
  ✓ New best model saved (val_score=0.0199  val_JS=0.0060  home_gap=0.0277)
Epoch  44/100: train_loss=0.5546  act=0.1632  home=0.3682  cop=0.1970  marg=0.0096  |  val_JS=0.0061  home_gap=0.0325  val_score=0.0223  lr=4.75e-05  grad_norm=1.983  (655s)
Epoch  45/100: train_loss=0.5489  act=0.1572  home=0.3686  cop=0.1968  marg=0.0093  |  val_JS=0.0057  home_gap=0.0475  val_score=0.0295  lr=4.75e-05  grad_norm=1.954  (652s)
Epoch  46/100: train_loss=0.5418  act=0.1517  home=0.3670  cop=0.1961  marg=0.0101  |  val_JS=0.0058  home_gap=0.0399  val_score=0.0257  lr=4.75e-05  grad_norm=1.903  (652s)
Epoch  47/100: train_loss=0.5363  act=0.1474  home=0.3656  cop=0.1963  marg=0.0096  |  val_JS=0.0060  home_gap=0.0329  val_score=0.0225  lr=4.75e-05  grad_norm=1.896  (652s)
Epoch  48/100: train_loss=0.5314  act=0.1427  home=0.3655  cop=0.1962  marg=0.0092  |  val_JS=0.0056  home_gap=0.0522  val_score=0.0317  lr=4.75e-05  grad_norm=1.872  (652s)
Epoch  49/100: train_loss=0.5274  act=0.1386  home=0.3655  cop=0.1966  marg=0.0094  |  val_JS=0.0051  home_gap=0.0349  val_score=0.0225  lr=4.75e-05  grad_norm=1.871  (652s)
Epoch  50/100: train_loss=0.5184  act=0.1321  home=0.3630  cop=0.1955  marg=0.0092  |  val_JS=0.0046  home_gap=0.0296  val_score=0.0194  lr=4.51e-05  grad_norm=1.788  (652s)
  ✓ New best model saved (val_score=0.0194  val_JS=0.0046  home_gap=0.0296)
Epoch  51/100: train_loss=0.5168  act=0.1293  home=0.3642  cop=0.1961  marg=0.0099  |  val_JS=0.0044  home_gap=0.0444  val_score=0.0266  lr=4.51e-05  grad_norm=1.805  (652s)
Epoch  52/100: train_loss=0.5112  act=0.1251  home=0.3628  cop=0.1958  marg=0.0088  |  val_JS=0.0050  home_gap=0.0356  val_score=0.0228  lr=4.51e-05  grad_norm=1.747  (652s)
Epoch  53/100: train_loss=0.5081  act=0.1217  home=0.3632  cop=0.1955  marg=0.0087  |  val_JS=0.0054  home_gap=0.0453  val_score=0.0281  lr=4.51e-05  grad_norm=1.734  (652s)
Epoch  54/100: train_loss=0.5038  act=0.1195  home=0.3607  cop=0.1954  marg=0.0095  |  val_JS=0.0045  home_gap=0.0441  val_score=0.0266  lr=4.51e-05  grad_norm=1.746  (652s)
Epoch  55/100: train_loss=0.5026  act=0.1183  home=0.3610  cop=0.1949  marg=0.0093  |  val_JS=0.0051  home_gap=0.0454  val_score=0.0278  lr=4.51e-05  grad_norm=1.765  (652s)
Epoch  56/100: train_loss=0.4970  act=0.1140  home=0.3598  cop=0.1942  marg=0.0090  |  val_JS=0.0041  home_gap=0.0327  val_score=0.0205  lr=4.51e-05  grad_norm=1.687  (652s)
Epoch  57/100: train_loss=0.4919  act=0.1084  home=0.3600  cop=0.1950  marg=0.0090  |  val_JS=0.0043  home_gap=0.0336  val_score=0.0211  lr=4.29e-05  grad_norm=1.604  (652s)
Epoch  58/100: train_loss=0.4888  act=0.1064  home=0.3590  cop=0.1948  marg=0.0089  |  val_JS=0.0042  home_gap=0.0329  val_score=0.0207  lr=4.29e-05  grad_norm=1.592  (652s)
Epoch  59/100: train_loss=0.4859  act=0.1051  home=0.3575  cop=0.1940  marg=0.0091  |  val_JS=0.0063  home_gap=0.0325  val_score=0.0225  lr=4.29e-05  grad_norm=1.626  (652s)
Epoch  60/100: train_loss=0.4838  act=0.1031  home=0.3572  cop=0.1943  marg=0.0093  |  val_JS=0.0035  home_gap=0.0275  val_score=0.0173  lr=4.29e-05  grad_norm=1.627  (652s)
  ✓ New best model saved (val_score=0.0173  val_JS=0.0035  home_gap=0.0275)
Epoch  61/100: train_loss=0.4819  act=0.1014  home=0.3571  cop=0.1942  marg=0.0089  |  val_JS=0.0055  home_gap=0.0428  val_score=0.0269  lr=4.29e-05  grad_norm=1.603  (652s)
Epoch  62/100: train_loss=0.4784  act=0.0988  home=0.3559  cop=0.1945  marg=0.0091  |  val_JS=0.0042  home_gap=0.0357  val_score=0.0220  lr=4.29e-05  grad_norm=1.564  (652s)
Epoch  63/100: train_loss=0.4767  act=0.0980  home=0.3551  cop=0.1940  marg=0.0085  |  val_JS=0.0044  home_gap=0.0350  val_score=0.0219  lr=4.29e-05  grad_norm=1.582  (652s)
Epoch  64/100: train_loss=0.4755  act=0.0961  home=0.3556  cop=0.1945  marg=0.0090  |  val_JS=0.0053  home_gap=0.0444  val_score=0.0275  lr=4.29e-05  grad_norm=1.551  (652s)
Epoch  65/100: train_loss=0.4723  act=0.0943  home=0.3543  cop=0.1943  marg=0.0086  |  val_JS=0.0056  home_gap=0.0356  val_score=0.0234  lr=4.29e-05  grad_norm=1.537  (652s)
Epoch  66/100: train_loss=0.4719  act=0.0936  home=0.3548  cop=0.1935  marg=0.0090  |  val_JS=0.0038  home_gap=0.0357  val_score=0.0217  lr=4.29e-05  grad_norm=1.541  (652s)
Epoch  67/100: train_loss=0.4657  act=0.0893  home=0.3529  cop=0.1931  marg=0.0082  |  val_JS=0.0047  home_gap=0.0296  val_score=0.0195  lr=4.07e-05  grad_norm=1.448  (652s)
Epoch  68/100: train_loss=0.4615  act=0.0872  home=0.3508  cop=0.1924  marg=0.0082  |  val_JS=0.0044  home_gap=0.0340  val_score=0.0214  lr=4.07e-05  grad_norm=1.404  (652s)
Epoch  69/100: train_loss=0.4634  act=0.0875  home=0.3523  cop=0.1931  marg=0.0083  |  val_JS=0.0033  home_gap=0.0442  val_score=0.0254  lr=4.07e-05  grad_norm=1.466  (652s)
Epoch  70/100: train_loss=0.4609  act=0.0868  home=0.3503  cop=0.1932  marg=0.0082  |  val_JS=0.0038  home_gap=0.0340  val_score=0.0208  lr=4.07e-05  grad_norm=1.453  (652s)
Epoch  71/100: train_loss=0.4598  act=0.0853  home=0.3508  cop=0.1931  marg=0.0082  |  val_JS=0.0035  home_gap=0.0387  val_score=0.0229  lr=4.07e-05  grad_norm=1.432  (652s)
Epoch  72/100: train_loss=0.4580  act=0.0837  home=0.3508  cop=0.1925  marg=0.0083  |  val_JS=0.0042  home_gap=0.0440  val_score=0.0262  lr=4.07e-05  grad_norm=1.419  (652s)
Epoch  73/100: train_loss=0.4528  act=0.0796  home=0.3494  cop=0.1930  marg=0.0085  |  val_JS=0.0036  home_gap=0.0370  val_score=0.0221  lr=3.87e-05  grad_norm=1.294  (652s)
Epoch  74/100: train_loss=0.4530  act=0.0804  home=0.3489  cop=0.1926  marg=0.0083  |  val_JS=0.0043  home_gap=0.0390  val_score=0.0238  lr=3.87e-05  grad_norm=1.357  (652s)
Epoch  75/100: train_loss=0.4508  act=0.0796  home=0.3474  cop=0.1924  marg=0.0079  |  val_JS=0.0054  home_gap=0.0384  val_score=0.0246  lr=3.87e-05  grad_norm=1.344  (652s)
  Early stopping at epoch 75 (no improvement for 15 epochs)

[4/4] Training complete. Best val_score=0.0173
  Best checkpoint: outputs_step4_J2/checkpoints/best_model.pt
  Training log:    outputs_step4_J2/step4_training_log.csv
=== J2 FULL RUN COMPLETE ===
