============================================================
J4_1 smoke run: MODEL_TYPE=J4_1  DATA_DIR=outputs_step4_G1
PY_ARGS:  --batch_size 256 --max_epochs 10 --patience 10 --lr 5e-05 --d_model 384 --n_heads 8 --n_enc_layers 6 --n_dec_layers 6
============================================================
============================================================
Step 4D — Training  [SAMPLE MODE]
============================================================
  data_dir:       outputs_step4_G1
  output_dir:     outputs_step4_J4_1_smoke
  checkpoint_dir: outputs_step4_J4_1_smoke/checkpoints
  batch_size=256  max_epochs=10  patience=10  lr=5e-05  fp16=False
  checkpoint_dir (absolute): /nfs/speed-scratch/o_iseri/occModeling/outputs_step4_J4_1_smoke/checkpoints
  AUX_STRATUM_HEAD=False  COP_POS_WEIGHT=0  ACTIVITY_BOOSTS=1  DATA_SIDE_SAMPLING=0  MARG_MODE=global  AUX_STRATUM_LAMBDA=0.1  SPOUSE_NEG_WEIGHT=0.45
  Device: cuda
[1/4] Loading datasets and pairs...
  Train pairs: 141270 | Val respondents: 9609
  Activity class weights (inv-sqrt-freq, ACTIVITY_BOOSTS=1):
    class  0: 2.174
    class  1: 0.517
    class  2: 1.072
    class  3: 1.110
    class  4: 0.261
    class  5: 0.752
    class  6: 0.892
    class  7: 1.355
    class  8: 1.473
    class  9: 0.406
    class 10: 1.161
    class 11: 1.782
    class 12: 2.341
    class 13: 2.742
  AT_HOME observed rate: 0.7250  pos_weight: disabled
  Marginal-bias loss weight: LAMBDA_MARG=0.1  MARG_MODE=global
  COP pos_weight: disabled (COP_POS_WEIGHT=0)
  SPOUSE_NEG_WEIGHT=0.45: Spouse (idx 1) cop pos_weight overridden
[2/4] Building model...
  Parameters: 345,784
JSeriesHybrid(
  (act_embedding): Embedding(14, 16)
  (slot_linear): Linear(in_features=26, out_features=64, bias=True)
  (cycle_embedding): Embedding(4, 16)
  (cls_mlp): Sequential(
    (0): Linear(in_features=93, out_features=256, bias=True)
    (1): GELU(approximate='none')
    (2): Linear(in_features=256, out_features=64, bias=True)
  )
  (arm1_slot_proj): Linear(in_features=16, out_features=64, bias=True)
  (encoder): TransformerEncoder(
    (layers): ModuleList(
      (0-1): 2 x TransformerEncoderLayer(
        (self_attn): MultiheadAttention(
          (out_proj): NonDynamicallyQuantizableLinear(in_features=64, out_features=64, bias=True)
        )
        (linear1): Linear(in_features=64, out_features=256, bias=True)
        (dropout): Dropout(p=0.1, inplace=False)
        (linear2): Linear(in_features=256, out_features=64, bias=True)
        (norm1): LayerNorm((64,), eps=1e-05, elementwise_affine=True)
        (norm2): LayerNorm((64,), eps=1e-05, elementwise_affine=True)
        (dropout1): Dropout(p=0.1, inplace=False)
        (dropout2): Dropout(p=0.1, inplace=False)
      )
    )
    (norm): LayerNorm((64,), eps=1e-05, elementwise_affine=True)
  )
  (arm1_decoder): CrossAttnDecoder(
    (proj_demo): Linear(in_features=77, out_features=64, bias=True)
    (proj_cycle): Linear(in_features=16, out_features=64, bias=True)
    (proj_strata): Linear(in_features=3, out_features=64, bias=True)
    (layers): ModuleList(
      (0-1): 2 x CondCrossAttnDecoderLayer(
        (self_attn): MultiheadAttention(
          (out_proj): NonDynamicallyQuantizableLinear(in_features=64, out_features=64, bias=True)
        )
        (cross_mem): MultiheadAttention(
          (out_proj): NonDynamicallyQuantizableLinear(in_features=64, out_features=64, bias=True)
        )
        (cross_cond): MultiheadAttention(
          (out_proj): NonDynamicallyQuantizableLinear(in_features=64, out_features=64, bias=True)
        )
        (ffn): Sequential(
          (0): Linear(in_features=64, out_features=256, bias=True)
          (1): GELU(approximate='none')
          (2): Linear(in_features=256, out_features=64, bias=True)
        )
        (ln1): LayerNorm((64,), eps=1e-05, elementwise_affine=True)
        (ln2): LayerNorm((64,), eps=1e-05, elementwise_affine=True)
        (ln3): LayerNorm((64,), eps=1e-05, elementwise_affine=True)
        (ln4): LayerNorm((64,), eps=1e-05, elementwise_affine=True)
        (drop): Dropout(p=0.0, inplace=False)
      )
    )
    (norm): LayerNorm((64,), eps=1e-05, elementwise_affine=True)
  )
  (act_head): Linear(in_features=64, out_features=14, bias=True)
  (arm2_act_proj): Linear(in_features=14, out_features=64, bias=True)
  (arm2_proj): Linear(in_features=224, out_features=64, bias=True)
  (tod_emb): Embedding(48, 64)
  (dow_emb): Embedding(3, 64)
  (home_head): Sequential(
    (0): Linear(in_features=64, out_features=64, bias=True)
    (1): Tanh()
    (2): Linear(in_features=64, out_features=1, bias=True)
  )
  (cop_head): Sequential(
    (0): Linear(in_features=64, out_features=64, bias=True)
    (1): Tanh()
    (2): Linear(in_features=64, out_features=9, bias=True)
  )
)
[3/4] Training...
Epoch   1/10: train_loss=1.4349  act=1.0493  home=0.4407  cop=0.2465  marg=0.0326  |  val_JS=0.2491  home_gap=0.2520  val_score=0.3751  lr=5.00e-05  grad_norm=3.629  (94s)
  ✓ New best model saved (val_score=0.3751  val_JS=0.2491  home_gap=0.2520)
Epoch   2/10: train_loss=1.2442  act=0.8822  home=0.4203  cop=0.2159  marg=0.0301  |  val_JS=0.1995  home_gap=0.1949  val_score=0.2970  lr=5.00e-05  grad_norm=2.035  (93s)
  ✓ New best model saved (val_score=0.2970  val_JS=0.1995  home_gap=0.1949)
Epoch   3/10: train_loss=1.2250  act=0.8663  home=0.4169  cop=0.2131  marg=0.0299  |  val_JS=0.2146  home_gap=0.1859  val_score=0.3076  lr=5.00e-05  grad_norm=1.623  (92s)
Epoch   4/10: train_loss=1.2125  act=0.8570  home=0.4136  cop=0.2106  marg=0.0287  |  val_JS=0.2212  home_gap=0.1972  val_score=0.3198  lr=5.00e-05  grad_norm=1.434  (92s)
Epoch   5/10: train_loss=1.2030  act=0.8495  home=0.4111  cop=0.2094  marg=0.0286  |  val_JS=0.2102  home_gap=0.1788  val_score=0.2996  lr=5.00e-05  grad_norm=1.342  (92s)
Epoch   6/10: train_loss=1.1955  act=0.8425  home=0.4104  cop=0.2095  marg=0.0291  |  val_JS=0.2096  home_gap=0.2023  val_score=0.3107  lr=5.00e-05  grad_norm=1.287  (92s)
Epoch   7/10: train_loss=1.1906  act=0.8386  home=0.4090  cop=0.2091  marg=0.0289  |  val_JS=0.2140  home_gap=0.1824  val_score=0.3052  lr=5.00e-05  grad_norm=1.253  (91s)
Epoch   8/10: train_loss=1.1863  act=0.8357  home=0.4078  cop=0.2076  marg=0.0289  |  val_JS=0.2039  home_gap=0.1370  val_score=0.2723  lr=5.00e-05  grad_norm=1.243  (91s)
  ✓ New best model saved (val_score=0.2723  val_JS=0.2039  home_gap=0.1370)
Epoch   9/10: train_loss=1.1809  act=0.8322  home=0.4053  cop=0.2073  marg=0.0280  |  val_JS=0.2205  home_gap=0.2188  val_score=0.3299  lr=5.00e-05  grad_norm=1.221  (90s)
Epoch  10/10: train_loss=1.1764  act=0.8286  home=0.4044  cop=0.2067  marg=0.0279  |  val_JS=0.2081  home_gap=0.1741  val_score=0.2951  lr=5.00e-05  grad_norm=1.214  (90s)

[4/4] Training complete. Best val_score=0.2723
  Best checkpoint: outputs_step4_J4_1_smoke/checkpoints/best_model.pt
  Training log:    outputs_step4_J4_1_smoke/step4_training_log.csv
=== J4_1 SMOKE COMPLETE ===
